   Compiling backend v0.1.0 (/home/work/3_Evolutesix/Research/Jules-BP/current/backend)
error: error communicating with database: Connection refused (os error 111)
  --> src/handlers/funds.rs:23:16
   |
23 |       let fund = sqlx::query_as!(
   |  ________________^
24 | |         Fund,
25 | |         "INSERT INTO funds (user_id, fund_name, currency_code, tenant_id) VALUES ($1, $2, $3, $4) RETURNING id, user_id, fund_name, curre...
26 | |         user_id,
...  |
29 | |         claims.tenant_id
30 | |     )
   | |_____^
   |
   = note: this error originates in the macro `$crate::sqlx_macros::expand_query` which comes from the expansion of the macro `sqlx::query_as` (in Nightly builds, run with -Z macro-backtrace for more info)

error: error communicating with database: Connection refused (os error 111)
  --> src/handlers/funds.rs:41:17
   |
41 |       let funds = sqlx::query_as!(
   |  _________________^
42 | |         Fund,
43 | |         "SELECT id, user_id, fund_name, currency_code, created_at, tenant_id, is_public_template FROM funds WHERE tenant_id = $1 ORDER BY...
44 | |         claims.tenant_id
45 | |     )
   | |_____^
   |
   = note: this error originates in the macro `$crate::sqlx_macros::expand_query` which comes from the expansion of the macro `sqlx::query_as` (in Nightly builds, run with -Z macro-backtrace for more info)

error: error communicating with database: Connection refused (os error 111)
  --> src/handlers/funds.rs:57:16
   |
57 |       let fund = sqlx::query_as!(
   |  ________________^
58 | |         Fund,
59 | |         "SELECT id, user_id, fund_name, currency_code, created_at, tenant_id, is_public_template FROM funds WHERE id = $1 AND tenant_id =...
60 | |         id,
61 | |         claims.tenant_id
62 | |     )
   | |_____^
   |
   = note: this error originates in the macro `$crate::sqlx_macros::expand_query` which comes from the expansion of the macro `sqlx::query_as` (in Nightly builds, run with -Z macro-backtrace for more info)

error: error communicating with database: Connection refused (os error 111)
  --> src/handlers/funds.rs:77:16
   |
77 |       let fund = sqlx::query_as!(
   |  ________________^
78 | |         Fund,
79 | |         "UPDATE funds 
80 | |          SET fund_name = $1, currency_code = $2 
...  |
86 | |         claims.tenant_id
87 | |     )
   | |_____^
   |
   = note: this error originates in the macro `$crate::sqlx_macros::expand_query` which comes from the expansion of the macro `sqlx::query_as` (in Nightly builds, run with -Z macro-backtrace for more info)

error: error communicating with database: Connection refused (os error 111)
   --> src/handlers/funds.rs:102:27
    |
102 |       let companies_exist = sqlx::query!(
    |  ___________________________^
103 | |         "SELECT id FROM companies WHERE fund_id = $1 AND tenant_id = $2 LIMIT 1",
104 | |         id,
105 | |         claims.tenant_id
106 | |     )
    | |_____^
    |
    = note: this error originates in the macro `$crate::sqlx_macros::expand_query` which comes from the expansion of the macro `sqlx::query` (in Nightly builds, run with -Z macro-backtrace for more info)

error: error communicating with database: Connection refused (os error 111)
   --> src/handlers/funds.rs:114:18
    |
114 |       let result = sqlx::query!(
    |  __________________^
115 | |         "DELETE FROM funds WHERE id = $1 AND tenant_id = $2",
116 | |         id,
117 | |         claims.tenant_id
118 | |     )
    | |_____^
    |
    = note: this error originates in the macro `$crate::sqlx_macros::expand_query` which comes from the expansion of the macro `sqlx::query` (in Nightly builds, run with -Z macro-backtrace for more info)

error: error communicating with database: Connection refused (os error 111)
   --> src/handlers/funds.rs:141:21
    |
141 |       let companies = sqlx::query!(
    |  _____________________^
142 | |         "SELECT id, company_name FROM companies WHERE fund_id = $1 AND tenant_id = $2",
143 | |         id,
144 | |         claims.tenant_id
145 | |     )
    | |_____^
    |
    = note: this error originates in the macro `$crate::sqlx_macros::expand_query` which comes from the expansion of the macro `sqlx::query` (in Nightly builds, run with -Z macro-backtrace for more info)

error: error communicating with database: Connection refused (os error 111)
   --> src/handlers/funds.rs:153:32
    |
153 |           let fund_plan_record = sqlx::query!(
    |  ________________________________^
154 | |             r#"SELECT selected_plans as "selected_plans!" FROM fund_plans WHERE id = $1 AND tenant_id = $2"#,
155 | |             plan_id,
156 | |             claims.tenant_id
157 | |         )
    | |_________^
    |
    = note: this error originates in the macro `$crate::sqlx_macros::expand_query` which comes from the expansion of the macro `sqlx::query` (in Nightly builds, run with -Z macro-backtrace for more info)

error: error communicating with database: Connection refused (os error 111)
   --> src/handlers/funds.rs:183:31
    |
183 |               let latest_plan = sqlx::query!(
    |  _______________________________^
184 | |                 "SELECT id FROM financial_plans WHERE company_id = $1 ORDER BY created_at DESC LIMIT 1",
185 | |                 company.id
186 | |             )
    | |_____________^
    |
    = note: this error originates in the macro `$crate::sqlx_macros::expand_query` which comes from the expansion of the macro `sqlx::query` (in Nightly builds, run with -Z macro-backtrace for more info)

error: error communicating with database: Connection refused (os error 111)
  --> src/handlers/companies.rs:22:23
   |
22 |       let fund_exists = sqlx::query!(
   |  _______________________^
23 | |         "SELECT id FROM funds WHERE id = $1 AND tenant_id = $2",
24 | |         payload.fund_id,
25 | |         claims.tenant_id
26 | |     )
   | |_____^
   |
   = note: this error originates in the macro `$crate::sqlx_macros::expand_query` which comes from the expansion of the macro `sqlx::query` (in Nightly builds, run with -Z macro-backtrace for more info)

error: error communicating with database: Connection refused (os error 111)
  --> src/handlers/companies.rs:36:19
   |
36 |       let company = sqlx::query_as!(
   |  ___________________^
37 | |         Company,
38 | |         "INSERT INTO companies (fund_id, company_name, currency_code, industry, business_model, technology, tenant_id) 
39 | |          VALUES ($1, $2, $3, $4, $5, $6, $7) 
...  |
47 | |         claims.tenant_id
48 | |     )
   | |_____^
   |
   = note: this error originates in the macro `$crate::sqlx_macros::expand_query` which comes from the expansion of the macro `sqlx::query_as` (in Nightly builds, run with -Z macro-backtrace for more info)

error: error communicating with database: Connection refused (os error 111)
  --> src/handlers/companies.rs:72:21
   |
72 |       let companies = sqlx::query_as!(
   |  _____________________^
73 | |         Company,
74 | |         "SELECT id, fund_id, company_name, currency_code, created_at, industry, business_model, technology, tenant_id 
75 | |          FROM companies WHERE tenant_id = $1 ORDER BY created_at DESC",
76 | |         claims.tenant_id
77 | |     )
   | |_____^
   |
   = note: this error originates in the macro `$crate::sqlx_macros::expand_query` which comes from the expansion of the macro `sqlx::query_as` (in Nightly builds, run with -Z macro-backtrace for more info)

error: error communicating with database: Connection refused (os error 111)
  --> src/handlers/companies.rs:89:19
   |
89 |       let company = sqlx::query_as!(
   |  ___________________^
90 | |         Company,
91 | |         "SELECT id, fund_id, company_name, currency_code, created_at, industry, business_model, technology, tenant_id 
92 | |          FROM companies WHERE id = $1 AND tenant_id = $2",
93 | |         id,
94 | |         claims.tenant_id
95 | |     )
   | |_____^
   |
   = note: this error originates in the macro `$crate::sqlx_macros::expand_query` which comes from the expansion of the macro `sqlx::query_as` (in Nightly builds, run with -Z macro-backtrace for more info)

error: error communicating with database: Connection refused (os error 111)
   --> src/handlers/companies.rs:115:19
    |
115 |       let company = sqlx::query_as!(
    |  ___________________^
116 | |         Company,
117 | |         "UPDATE companies 
118 | |          SET company_name = $1, currency_code = $2, industry = $3, business_model = $4, technology = $5
...   |
127 | |         claims.tenant_id
128 | |     )
    | |_____^
    |
    = note: this error originates in the macro `$crate::sqlx_macros::expand_query` which comes from the expansion of the macro `sqlx::query_as` (in Nightly builds, run with -Z macro-backtrace for more info)

error: error communicating with database: Connection refused (os error 111)
   --> src/handlers/companies.rs:150:18
    |
150 |       let result = sqlx::query!(
    |  __________________^
151 | |         "DELETE FROM companies WHERE id = $1 AND tenant_id = $2",
152 | |         id,
153 | |         claims.tenant_id
154 | |     )
    | |_____^
    |
    = note: this error originates in the macro `$crate::sqlx_macros::expand_query` which comes from the expansion of the macro `sqlx::query` (in Nightly builds, run with -Z macro-backtrace for more info)

error: error communicating with database: Connection refused (os error 111)
  --> src/handlers/plans.rs:50:16
   |
50 |       let plan = sqlx::query_as!(
   |  ________________^
51 | |         FinancialPlan,
52 | |         r#"
53 | |         INSERT INTO financial_plans (company_id, plan_name, start_month, currency_code, tenant_id, insolvency_threshold) 
...  |
67 | |         insolvency_threshold
68 | |     )
   | |_____^
   |
   = note: this error originates in the macro `$crate::sqlx_macros::expand_query` which comes from the expansion of the macro `sqlx::query_as` (in Nightly builds, run with -Z macro-backtrace for more info)

error: error communicating with database: Connection refused (os error 111)
   --> src/handlers/plans.rs:103:39
    |
103 |       let plan: Option<FinancialPlan> = sqlx::query_as!(
    |  _______________________________________^
104 | |         FinancialPlan,
105 | |         r#"
106 | |         UPDATE financial_plans 
...   |
127 | |         claims.tenant_id
128 | |     )
    | |_____^
    |
    = note: this error originates in the macro `$crate::sqlx_macros::expand_query` which comes from the expansion of the macro `sqlx::query_as` (in Nightly builds, run with -Z macro-backtrace for more info)

error: error communicating with database: Connection refused (os error 111)
   --> src/handlers/plans.rs:141:17
    |
141 |       let plans = sqlx::query_as!(
    |  _________________^
142 | |         FinancialPlan,
143 | |         r#"
144 | |         SELECT 
...   |
154 | |         claims.tenant_id
155 | |     )
    | |_____^
    |
    = note: this error originates in the macro `$crate::sqlx_macros::expand_query` which comes from the expansion of the macro `sqlx::query_as` (in Nightly builds, run with -Z macro-backtrace for more info)

error: error communicating with database: Connection refused (os error 111)
   --> src/handlers/plans.rs:167:39
    |
167 |       let plan: Option<FinancialPlan> = sqlx::query_as!(
    |  _______________________________________^
168 | |         FinancialPlan,
169 | |         r#"
170 | |         SELECT 
...   |
180 | |         claims.tenant_id
181 | |     )
    | |_____^
    |
    = note: this error originates in the macro `$crate::sqlx_macros::expand_query` which comes from the expansion of the macro `sqlx::query_as` (in Nightly builds, run with -Z macro-backtrace for more info)

error: error communicating with database: Connection refused (os error 111)
   --> src/handlers/plans.rs:195:49
    |
195 | ...::PgQueryResult = sqlx::query!("DELETE FROM financial_plans WHERE id = $1 AND tenant_id = $2", id, claims.tenant_id)
    |                      ^^^^^^^^^^^^^^^^^^^^^^^^^^^^^^^^^^^^^^^^^^^^^^^^^^^^^^^^^^^^^^^^^^^^^^^^^^^^^^^^^^^^^^^^^^^^^^^^^^
    |
    = note: this error originates in the macro `$crate::sqlx_macros::expand_query` which comes from the expansion of the macro `sqlx::query` (in Nightly builds, run with -Z macro-backtrace for more info)

error: error communicating with database: Connection refused (os error 111)
   --> src/handlers/plans.rs:222:39
    |
222 |       let plan: Option<FinancialPlan> = sqlx::query_as!(
    |  _______________________________________^
223 | |         FinancialPlan,
224 | |         r#"
225 | |         SELECT 
...   |
235 | |         claims.tenant_id
236 | |     )
    | |_____^
    |
    = note: this error originates in the macro `$crate::sqlx_macros::expand_query` which comes from the expansion of the macro `sqlx::query_as` (in Nightly builds, run with -Z macro-backtrace for more info)

error: error communicating with database: Connection refused (os error 111)
   --> src/handlers/plans.rs:243:58
    |
243 |       let revenue_items: Vec<crate::models::RevenueItem> = sqlx::query_as!(
    |  __________________________________________________________^
244 | |         crate::models::RevenueItem,
245 | |         r#"
246 | |         SELECT 
...   |
260 | |         claims.tenant_id
261 | |     )
    | |_____^
    |
    = note: this error originates in the macro `$crate::sqlx_macros::expand_query` which comes from the expansion of the macro `sqlx::query_as` (in Nightly builds, run with -Z macro-backtrace for more info)

error: error communicating with database: Connection refused (os error 111)
   --> src/handlers/plans.rs:265:58
    |
265 |       let expense_items: Vec<crate::models::ExpenseItem> = sqlx::query_as!(
    |  __________________________________________________________^
266 | |         crate::models::ExpenseItem,
267 | |         r#"
268 | |         SELECT 
...   |
282 | |         claims.tenant_id
283 | |     )
    | |_____^
    |
    = note: this error originates in the macro `$crate::sqlx_macros::expand_query` which comes from the expansion of the macro `sqlx::query_as` (in Nightly builds, run with -Z macro-backtrace for more info)

error: error communicating with database: Connection refused (os error 111)
   --> src/handlers/plans.rs:289:45
    |
289 |       let events: Vec<crate::models::Event> = sqlx::query_as!(
    |  _____________________________________________^
290 | |         crate::models::Event,
291 | |         r#"
292 | |         SELECT 
...   |
316 | |         claims.tenant_id
317 | |     )
    | |_____^
    |
    = note: this error originates in the macro `$crate::sqlx_macros::expand_query` which comes from the expansion of the macro `sqlx::query_as` (in Nightly builds, run with -Z macro-backtrace for more info)

error: error communicating with database: Connection refused (os error 111)
   --> src/handlers/plans.rs:321:68
    |
321 |       let capital_injections: Vec<crate::models::CapitalInjection> = sqlx::query_as!(
    |  ____________________________________________________________________^
322 | |         crate::models::CapitalInjection,
323 | |         r#"
324 | |         SELECT id, plan_id, injection_name, amount, month, created_at 
...   |
331 | |         claims.tenant_id
332 | |     )
    | |_____^
    |
    = note: this error originates in the macro `$crate::sqlx_macros::expand_query` which comes from the expansion of the macro `sqlx::query_as` (in Nightly builds, run with -Z macro-backtrace for more info)

error: error communicating with database: Connection refused (os error 111)
   --> src/handlers/plans.rs:336:66
    |
336 |       let dividend_policy: Option<crate::models::DividendPolicy> = sqlx::query_as!(
    |  __________________________________________________________________^
337 | |         crate::models::DividendPolicy,
338 | |         r#"
339 | |         SELECT id, plan_id, is_enabled, safety_threshold, payout_ratio, created_at, tracking_enabled as "tracking_enabled!"
...   |
345 | |         claims.tenant_id
346 | |     )
    | |_____^
    |
    = note: this error originates in the macro `$crate::sqlx_macros::expand_query` which comes from the expansion of the macro `sqlx::query_as` (in Nightly builds, run with -Z macro-backtrace for more info)

error: error communicating with database: Connection refused (os error 111)
   --> src/handlers/plans.rs:350:66
    |
350 |       let credit_facility: Option<crate::models::CreditFacility> = sqlx::query_as!(
    |  __________________________________________________________________^
351 | |         crate::models::CreditFacility,
352 | |         r#"
353 | |         SELECT id, plan_id, facility_limit, interest_rate, is_annual_rate, created_at 
...   |
359 | |         claims.tenant_id
360 | |     )
    | |_____^
    |
    = note: this error originates in the macro `$crate::sqlx_macros::expand_query` which comes from the expansion of the macro `sqlx::query_as` (in Nightly builds, run with -Z macro-backtrace for more info)

error: error communicating with database: Connection refused (os error 111)
   --> src/handlers/plans.rs:364:74
    |
364 |       let valuation_assumptions: Vec<crate::models::ValuationAssumption> = sqlx::query_as!(
    |  __________________________________________________________________________^
365 | |         crate::models::ValuationAssumption,
366 | |         r#"
367 | |         SELECT id, plan_id, valuation_name, method, multiplier, date_applied, created_at 
...   |
374 | |         claims.tenant_id
375 | |     )
    | |_____^
    |
    = note: this error originates in the macro `$crate::sqlx_macros::expand_query` which comes from the expansion of the macro `sqlx::query_as` (in Nightly builds, run with -Z macro-backtrace for more info)

error: error communicating with database: Connection refused (os error 111)
   --> src/handlers/plans.rs:379:60
    |
379 |       let staffing_roles: Vec<crate::models::StaffingRole> = sqlx::query_as!(
    |  ____________________________________________________________^
380 | |         crate::models::StaffingRole,
381 | |         r#"
382 | |         SELECT 
...   |
394 | |         claims.tenant_id
395 | |     )
    | |_____^
    |
    = note: this error originates in the macro `$crate::sqlx_macros::expand_query` which comes from the expansion of the macro `sqlx::query_as` (in Nightly builds, run with -Z macro-backtrace for more info)

error: error communicating with database: Connection refused (os error 111)
   --> src/handlers/plans.rs:399:70
    |
399 |       let capital_growth: Option<crate::models::CapitalGrowthPolicy> = sqlx::query_as!(
    |  ______________________________________________________________________^
400 | |         crate::models::CapitalGrowthPolicy,
401 | |         r#"
402 | |         SELECT 
...   |
411 | |         claims.tenant_id
412 | |     )
    | |_____^
    |
    = note: this error originates in the macro `$crate::sqlx_macros::expand_query` which comes from the expansion of the macro `sqlx::query_as` (in Nightly builds, run with -Z macro-backtrace for more info)

error: error communicating with database: Connection refused (os error 111)
   --> src/handlers/revenue.rs:218:34
    |
218 |       let plan_exists: Option<_> = sqlx::query!(
    |  __________________________________^
219 | |         "SELECT id FROM financial_plans WHERE id = $1 AND tenant_id = $2",
220 | |         payload.plan_id,
221 | |         claims.tenant_id
222 | |     )
    | |_____^
    |
    = note: this error originates in the macro `$crate::sqlx_macros::expand_query` which comes from the expansion of the macro `sqlx::query` (in Nightly builds, run with -Z macro-backtrace for more info)

error: error communicating with database: Connection refused (os error 111)
   --> src/handlers/revenue.rs:272:16
    |
272 |       let item = sqlx::query_as!(
    |  ________________^
273 | |         RevenueItem,
274 | |         r#"
275 | |         INSERT INTO revenue_items (
...   |
295 | |         target_mean, vol_mu, payload.vol_input_mode, payload.vol_fatness_level, payload.vol_skew_level, payload.vol_width_level
296 | |     )
    | |_____^
    |
    = note: this error originates in the macro `$crate::sqlx_macros::expand_query` which comes from the expansion of the macro `sqlx::query_as` (in Nightly builds, run with -Z macro-backtrace for more info)

error: error communicating with database: Connection refused (os error 111)
   --> src/handlers/revenue.rs:309:17
    |
309 |       let items = sqlx::query_as!(
    |  _________________^
310 | |         RevenueItem,
311 | |         r#"
312 | |         SELECT 
...   |
326 | |         claims.tenant_id
327 | |     )
    | |_____^
    |
    = note: this error originates in the macro `$crate::sqlx_macros::expand_query` which comes from the expansion of the macro `sqlx::query_as` (in Nightly builds, run with -Z macro-backtrace for more info)

error: error communicating with database: Connection refused (os error 111)
   --> src/handlers/revenue.rs:435:16
    |
435 |       let item = sqlx::query_as!(
    |  ________________^
436 | |         RevenueItem,
437 | |         r#"
438 | |         UPDATE revenue_items SET
...   |
462 | |         claims.tenant_id
463 | |     )
    | |_____^
    |
    = note: this error originates in the macro `$crate::sqlx_macros::expand_query` which comes from the expansion of the macro `sqlx::query_as` (in Nightly builds, run with -Z macro-backtrace for more info)

error: error communicating with database: Connection refused (os error 111)
   --> src/handlers/revenue.rs:476:49
    |
476 |       let result: sqlx::postgres::PgQueryResult = sqlx::query!(
    |  _________________________________________________^
477 | |         "DELETE FROM revenue_items WHERE id = $1 AND plan_id IN (SELECT id FROM financial_plans WHERE tenant_id = $2)", 
478 | |         id,
479 | |         claims.tenant_id
480 | |     )
    | |_____^
    |
    = note: this error originates in the macro `$crate::sqlx_macros::expand_query` which comes from the expansion of the macro `sqlx::query` (in Nightly builds, run with -Z macro-backtrace for more info)

error: error communicating with database: Connection refused (os error 111)
   --> src/handlers/expenses.rs:217:34
    |
217 |       let plan_exists: Option<_> = sqlx::query!(
    |  __________________________________^
218 | |         "SELECT id FROM financial_plans WHERE id = $1 AND tenant_id = $2",
219 | |         payload.plan_id,
220 | |         claims.tenant_id
221 | |     )
    | |_____^
    |
    = note: this error originates in the macro `$crate::sqlx_macros::expand_query` which comes from the expansion of the macro `sqlx::query` (in Nightly builds, run with -Z macro-backtrace for more info)

error: error communicating with database: Connection refused (os error 111)
   --> src/handlers/expenses.rs:263:16
    |
263 |       let item = sqlx::query_as!(
    |  ________________^
264 | |         ExpenseItem,
265 | |         r#"
266 | |         INSERT INTO expense_items (
...   |
286 | |         target_mean, vol_mu, payload.vol_input_mode, payload.vol_fatness_level, payload.vol_skew_level, payload.vol_width_level
287 | |     )
    | |_____^
    |
    = note: this error originates in the macro `$crate::sqlx_macros::expand_query` which comes from the expansion of the macro `sqlx::query_as` (in Nightly builds, run with -Z macro-backtrace for more info)

error: error communicating with database: Connection refused (os error 111)
   --> src/handlers/expenses.rs:299:17
    |
299 |       let items = sqlx::query_as!(
    |  _________________^
300 | |         ExpenseItem,
301 | |         r#"
302 | |         SELECT 
...   |
316 | |         claims.tenant_id
317 | |     )
    | |_____^
    |
    = note: this error originates in the macro `$crate::sqlx_macros::expand_query` which comes from the expansion of the macro `sqlx::query_as` (in Nightly builds, run with -Z macro-backtrace for more info)

error: error communicating with database: Connection refused (os error 111)
   --> src/handlers/expenses.rs:417:16
    |
417 |       let item = sqlx::query_as!(
    |  ________________^
418 | |         ExpenseItem,
419 | |         r#"
420 | |         UPDATE expense_items SET
...   |
444 | |         claims.tenant_id
445 | |     )
    | |_____^
    |
    = note: this error originates in the macro `$crate::sqlx_macros::expand_query` which comes from the expansion of the macro `sqlx::query_as` (in Nightly builds, run with -Z macro-backtrace for more info)

error: error communicating with database: Connection refused (os error 111)
   --> src/handlers/expenses.rs:457:49
    |
457 |       let result: sqlx::postgres::PgQueryResult = sqlx::query!(
    |  _________________________________________________^
458 | |         "DELETE FROM expense_items WHERE id = $1 AND plan_id IN (SELECT id FROM financial_plans WHERE tenant_id = $2)",
459 | |         id,
460 | |         claims.tenant_id
461 | |     )
    | |_____^
    |
    = note: this error originates in the macro `$crate::sqlx_macros::expand_query` which comes from the expansion of the macro `sqlx::query` (in Nightly builds, run with -Z macro-backtrace for more info)

error: error communicating with database: Connection refused (os error 111)
  --> src/handlers/capital.rs:32:23
   |
32 |       let plan_exists = sqlx::query!(
   |  _______________________^
33 | |         "SELECT id FROM financial_plans WHERE id = $1 AND tenant_id = $2",
34 | |         payload.plan_id,
35 | |         claims.tenant_id
36 | |     )
   | |_____^
   |
   = note: this error originates in the macro `$crate::sqlx_macros::expand_query` which comes from the expansion of the macro `sqlx::query` (in Nightly builds, run with -Z macro-backtrace for more info)

error: error communicating with database: Connection refused (os error 111)
  --> src/handlers/capital.rs:44:16
   |
44 |       let item = sqlx::query_as!(
   |  ________________^
45 | |         CapitalInjection,
46 | |         r#"
47 | |         INSERT INTO capital_injections (plan_id, injection_name, amount, month) 
...  |
56 | |         payload.month
57 | |     )
   | |_____^
   |
   = note: this error originates in the macro `$crate::sqlx_macros::expand_query` which comes from the expansion of the macro `sqlx::query_as` (in Nightly builds, run with -Z macro-backtrace for more info)

error: error communicating with database: Connection refused (os error 111)
  --> src/handlers/capital.rs:69:17
   |
69 |       let items = sqlx::query_as!(
   |  _________________^
70 | |         CapitalInjection,
71 | |         r#"
72 | |         SELECT 
...  |
81 | |         claims.tenant_id
82 | |     )
   | |_____^
   |
   = note: this error originates in the macro `$crate::sqlx_macros::expand_query` which comes from the expansion of the macro `sqlx::query_as` (in Nightly builds, run with -Z macro-backtrace for more info)

error: error communicating with database: Connection refused (os error 111)
   --> src/handlers/capital.rs:94:18
    |
 94 |       let result = sqlx::query!(
    |  __________________^
 95 | |         r#"
 96 | |         DELETE FROM capital_injections 
 97 | |         WHERE id = $1 
...   |
101 | |         claims.tenant_id
102 | |     )
    | |_____^
    |
    = note: this error originates in the macro `$crate::sqlx_macros::expand_query` which comes from the expansion of the macro `sqlx::query` (in Nightly builds, run with -Z macro-backtrace for more info)

error: error communicating with database: Connection refused (os error 111)
  --> src/handlers/dividends.rs:27:17
   |
27 |       let _plan = sqlx::query!(
   |  _________________^
28 | |         "SELECT id FROM financial_plans WHERE id = $1 AND tenant_id = $2",
29 | |         payload.plan_id,
30 | |         claims.tenant_id
31 | |     )
   | |_____^
   |
   = note: this error originates in the macro `$crate::sqlx_macros::expand_query` which comes from the expansion of the macro `sqlx::query` (in Nightly builds, run with -Z macro-backtrace for more info)

error: error communicating with database: Connection refused (os error 111)
  --> src/handlers/dividends.rs:38:50
   |
38 |     let _result: sqlx::postgres::PgQueryResult = sqlx::query!("DELETE FROM dividend_policies WHERE plan_id = $1", payload.plan_id)
   |                                                  ^^^^^^^^^^^^^^^^^^^^^^^^^^^^^^^^^^^^^^^^^^^^^^^^^^^^^^^^^^^^^^^^^^^^^^^^^^^^^^^^^
   |
   = note: this error originates in the macro `$crate::sqlx_macros::expand_query` which comes from the expansion of the macro `sqlx::query` (in Nightly builds, run with -Z macro-backtrace for more info)

error: error communicating with database: Connection refused (os error 111)
  --> src/handlers/dividends.rs:42:18
   |
42 |       let policy = sqlx::query_as!(
   |  __________________^
43 | |         DividendPolicy,
44 | |         r#"INSERT INTO dividend_policies (plan_id, is_enabled, safety_threshold, payout_ratio) 
45 | |            VALUES ($1, $2, $3, $4) 
...  |
50 | |         payload.payout_ratio
51 | |     )
   | |_____^
   |
   = note: this error originates in the macro `$crate::sqlx_macros::expand_query` which comes from the expansion of the macro `sqlx::query_as` (in Nightly builds, run with -Z macro-backtrace for more info)

error: error communicating with database: Connection refused (os error 111)
  --> src/handlers/dividends.rs:65:42
   |
65 |       let policy: Option<DividendPolicy> = sqlx::query_as!(
   |  __________________________________________^
66 | |         DividendPolicy,
67 | |         r#"SELECT id, plan_id, is_enabled, safety_threshold, payout_ratio, created_at, tracking_enabled as "tracking_enabled!" 
68 | |            FROM dividend_policies 
...  |
71 | |         claims.tenant_id
72 | |     )
   | |_____^
   |
   = note: this error originates in the macro `$crate::sqlx_macros::expand_query` which comes from the expansion of the macro `sqlx::query_as` (in Nightly builds, run with -Z macro-backtrace for more info)

error: error communicating with database: Connection refused (os error 111)
  --> src/handlers/credit.rs:26:17
   |
26 |       let _plan = sqlx::query!(
   |  _________________^
27 | |         "SELECT id FROM financial_plans WHERE id = $1 AND tenant_id = $2",
28 | |         payload.plan_id,
29 | |         claims.tenant_id
30 | |     )
   | |_____^
   |
   = note: this error originates in the macro `$crate::sqlx_macros::expand_query` which comes from the expansion of the macro `sqlx::query` (in Nightly builds, run with -Z macro-backtrace for more info)

error: error communicating with database: Connection refused (os error 111)
  --> src/handlers/credit.rs:37:50
   |
37 |     let _result: sqlx::postgres::PgQueryResult = sqlx::query!("DELETE FROM credit_facilities WHERE plan_id = $1", payload.plan_id)
   |                                                  ^^^^^^^^^^^^^^^^^^^^^^^^^^^^^^^^^^^^^^^^^^^^^^^^^^^^^^^^^^^^^^^^^^^^^^^^^^^^^^^^^
   |
   = note: this error originates in the macro `$crate::sqlx_macros::expand_query` which comes from the expansion of the macro `sqlx::query` (in Nightly builds, run with -Z macro-backtrace for more info)

error: error communicating with database: Connection refused (os error 111)
  --> src/handlers/credit.rs:41:20
   |
41 |       let facility = sqlx::query_as!(
   |  ____________________^
42 | |         CreditFacility,
43 | |         "INSERT INTO credit_facilities (plan_id, facility_limit, interest_rate) VALUES ($1, $2, $3) RETURNING id, plan_id, facility_limit...
44 | |         payload.plan_id,
45 | |         payload.facility_limit,
46 | |         payload.interest_rate
47 | |     )
   | |_____^
   |
   = note: this error originates in the macro `$crate::sqlx_macros::expand_query` which comes from the expansion of the macro `sqlx::query_as` (in Nightly builds, run with -Z macro-backtrace for more info)

error: error communicating with database: Connection refused (os error 111)
  --> src/handlers/credit.rs:61:44
   |
61 |       let facility: Option<CreditFacility> = sqlx::query_as!(
   |  ____________________________________________^
62 | |         CreditFacility,
63 | |         "SELECT id, plan_id, facility_limit, interest_rate, is_annual_rate, created_at FROM credit_facilities WHERE plan_id = $1 AND plan...
64 | |         plan_id,
65 | |         claims.tenant_id
66 | |     )
   | |_____^
   |
   = note: this error originates in the macro `$crate::sqlx_macros::expand_query` which comes from the expansion of the macro `sqlx::query_as` (in Nightly builds, run with -Z macro-backtrace for more info)

error: error communicating with database: Connection refused (os error 111)
  --> src/handlers/valuation.rs:37:34
   |
37 |       let plan_exists: Option<_> = sqlx::query!(
   |  __________________________________^
38 | |         "SELECT id FROM financial_plans WHERE id = $1 AND tenant_id = $2",
39 | |         payload.plan_id,
40 | |         claims.tenant_id
41 | |     )
   | |_____^
   |
   = note: this error originates in the macro `$crate::sqlx_macros::expand_query` which comes from the expansion of the macro `sqlx::query` (in Nightly builds, run with -Z macro-backtrace for more info)

error: error communicating with database: Connection refused (os error 111)
  --> src/handlers/valuation.rs:52:19
   |
52 |       let _result = sqlx::query!(
   |  ___________________^
53 | |         "DELETE FROM valuation_assumptions WHERE plan_id = $1", 
54 | |         payload.plan_id
55 | |     )
   | |_____^
   |
   = note: this error originates in the macro `$crate::sqlx_macros::expand_query` which comes from the expansion of the macro `sqlx::query` (in Nightly builds, run with -Z macro-backtrace for more info)

error: error communicating with database: Connection refused (os error 111)
  --> src/handlers/valuation.rs:60:22
   |
60 |       let assumption = sqlx::query_as!(
   |  ______________________^
61 | |         ValuationAssumption,
62 | |         r#"
63 | |         INSERT INTO valuation_assumptions (plan_id, valuation_name, method, multiplier, date_applied) 
...  |
78 | |         payload.date_applied
79 | |     )
   | |_____^
   |
   = note: this error originates in the macro `$crate::sqlx_macros::expand_query` which comes from the expansion of the macro `sqlx::query_as` (in Nightly builds, run with -Z macro-backtrace for more info)

error: error communicating with database: Connection refused (os error 111)
   --> src/handlers/valuation.rs:93:22
    |
 93 |       let assumption = sqlx::query_as!(
    |  ______________________^
 94 | |         ValuationAssumption,
 95 | |         r#"
 96 | |         SELECT 
...   |
109 | |         claims.tenant_id
110 | |     )
    | |_____^
    |
    = note: this error originates in the macro `$crate::sqlx_macros::expand_query` which comes from the expansion of the macro `sqlx::query_as` (in Nightly builds, run with -Z macro-backtrace for more info)

error: error communicating with database: Connection refused (os error 111)
  --> src/handlers/events.rs:35:25
   |
35 |               let count = sqlx::query!(
   |  _________________________^
36 | |                 "SELECT count(*) as count FROM funds WHERE id = ANY($1) AND tenant_id = $2", 
37 | |                 target_ids, 
38 | |                 tenant_id
39 | |             )
   | |_____________^
   |
   = note: this error originates in the macro `$crate::sqlx_macros::expand_query` which comes from the expansion of the macro `sqlx::query` (in Nightly builds, run with -Z macro-backtrace for more info)

error: error communicating with database: Connection refused (os error 111)
  --> src/handlers/events.rs:51:25
   |
51 |               let count = sqlx::query!(
   |  _________________________^
52 | |                 "SELECT count(*) as count FROM companies WHERE id = ANY($1) AND tenant_id = $2", 
53 | |                 target_ids, 
54 | |                 tenant_id
55 | |             )
   | |_____________^
   |
   = note: this error originates in the macro `$crate::sqlx_macros::expand_query` which comes from the expansion of the macro `sqlx::query` (in Nightly builds, run with -Z macro-backtrace for more info)

error: error communicating with database: Connection refused (os error 111)
  --> src/handlers/events.rs:73:26
   |
73 |               let exists = sqlx::query!(
   |  __________________________^
74 | |                 "SELECT id FROM financial_plans WHERE id = $1 AND tenant_id = $2", 
75 | |                 target_id, 
76 | |                 tenant_id
77 | |             )
   | |_____________^
   |
   = note: this error originates in the macro `$crate::sqlx_macros::expand_query` which comes from the expansion of the macro `sqlx::query` (in Nightly builds, run with -Z macro-backtrace for more info)

error: error communicating with database: Connection refused (os error 111)
   --> src/handlers/events.rs:157:21
    |
157 |       let new_event = sqlx::query_as!(
    |  _____________________^
158 | |         Event,
159 | |         r#"
160 | |         INSERT INTO events (
...   |
191 | |         is_counter_cyclic
192 | |     )
    | |_____^
    |
    = note: this error originates in the macro `$crate::sqlx_macros::expand_query` which comes from the expansion of the macro `sqlx::query_as` (in Nightly builds, run with -Z macro-backtrace for more info)

error: error communicating with database: Connection refused (os error 111)
   --> src/handlers/events.rs:269:25
    |
269 |       let updated_event = sqlx::query_as!(
    |  _________________________^
270 | |         Event,
271 | |         r#"
272 | |         UPDATE events SET
...   |
317 | |         claims.tenant_id
318 | |     )
    | |_____^
    |
    = note: this error originates in the macro `$crate::sqlx_macros::expand_query` which comes from the expansion of the macro `sqlx::query_as` (in Nightly builds, run with -Z macro-backtrace for more info)

error: error communicating with database: Connection refused (os error 111)
   --> src/handlers/events.rs:347:25
    |
347 |       let valid_targets = sqlx::query!(
    |  _________________________^
348 | |         r#"
349 | |         SELECT id as "id!" FROM funds WHERE id = ANY($1) AND tenant_id = $2
350 | |         UNION
...   |
356 | |         claims.tenant_id
357 | |     )
    | |_____^
    |
    = note: this error originates in the macro `$crate::sqlx_macros::expand_query` which comes from the expansion of the macro `sqlx::query` (in Nightly builds, run with -Z macro-backtrace for more info)

error: error communicating with database: Connection refused (os error 111)
   --> src/handlers/events.rs:369:18
    |
369 |       let events = sqlx::query_as!(
    |  __________________^
370 | |         Event,
371 | |         r#"
372 | |         SELECT 
...   |
385 | |         &valid_ids
386 | |     )
    | |_____^
    |
    = note: this error originates in the macro `$crate::sqlx_macros::expand_query` which comes from the expansion of the macro `sqlx::query_as` (in Nightly builds, run with -Z macro-backtrace for more info)

error: error communicating with database: Connection refused (os error 111)
   --> src/handlers/events.rs:399:17
    |
399 |       let event = sqlx::query_as!(
    |  _________________^
400 | |         Event,
401 | |         r#"
402 | |         SELECT 
...   |
419 | |         claims.tenant_id
420 | |     )
    | |_____^
    |
    = note: this error originates in the macro `$crate::sqlx_macros::expand_query` which comes from the expansion of the macro `sqlx::query_as` (in Nightly builds, run with -Z macro-backtrace for more info)

error: error communicating with database: Connection refused (os error 111)
   --> src/handlers/events.rs:433:18
    |
433 |       let result = sqlx::query!(
    |  __________________^
434 | |         r#"
435 | |         DELETE FROM events 
436 | |         WHERE id = $1 
...   |
444 | |         claims.tenant_id
445 | |     )
    | |_____^
    |
    = note: this error originates in the macro `$crate::sqlx_macros::expand_query` which comes from the expansion of the macro `sqlx::query` (in Nightly builds, run with -Z macro-backtrace for more info)

error: error communicating with database: Connection refused (os error 111)
   --> src/handlers/capital_growth.rs:141:17
    |
141 |       let _plan = sqlx::query!(
    |  _________________^
142 | |         "SELECT id FROM financial_plans WHERE id = $1 AND tenant_id = $2",
143 | |         payload.plan_id,
144 | |         claims.tenant_id
145 | |     )
    | |_____^
    |
    = note: this error originates in the macro `$crate::sqlx_macros::expand_query` which comes from the expansion of the macro `sqlx::query` (in Nightly builds, run with -Z macro-backtrace for more info)

error: error communicating with database: Connection refused (os error 111)
   --> src/handlers/capital_growth.rs:185:5
    |
185 |     sqlx::query!("DELETE FROM capital_growth_policies WHERE plan_id = $1", payload.plan_id)
    |     ^^^^^^^^^^^^^^^^^^^^^^^^^^^^^^^^^^^^^^^^^^^^^^^^^^^^^^^^^^^^^^^^^^^^^^^^^^^^^^^^^^^^^^^
    |
    = note: this error originates in the macro `$crate::sqlx_macros::expand_query` which comes from the expansion of the macro `sqlx::query` (in Nightly builds, run with -Z macro-backtrace for more info)

error: error communicating with database: Connection refused (os error 111)
   --> src/handlers/capital_growth.rs:190:18
    |
190 |       let policy = sqlx::query_as!(
    |  __________________^
191 | |         CapitalGrowthPolicy,
192 | |         r#"
193 | |         INSERT INTO capital_growth_policies (
...   |
224 | |         payload.vol_width_level
225 | |     )
    | |_____^
    |
    = note: this error originates in the macro `$crate::sqlx_macros::expand_query` which comes from the expansion of the macro `sqlx::query_as` (in Nightly builds, run with -Z macro-backtrace for more info)

error: error communicating with database: Connection refused (os error 111)
   --> src/handlers/capital_growth.rs:239:18
    |
239 |       let policy = sqlx::query_as!(
    |  __________________^
240 | |         CapitalGrowthPolicy,
241 | |         r#"
242 | |         SELECT 
...   |
256 | |         claims.tenant_id
257 | |     )
    | |_____^
    |
    = note: this error originates in the macro `$crate::sqlx_macros::expand_query` which comes from the expansion of the macro `sqlx::query_as` (in Nightly builds, run with -Z macro-backtrace for more info)

error: error communicating with database: Connection refused (os error 111)
  --> src/handlers/staffing.rs:41:17
   |
41 |       let roles = sqlx::query_as!(
   |  _________________^
42 | |         StaffingRole,
43 | |         r#"
44 | |         SELECT 
...  |
61 | |         claims.tenant_id
62 | |     )
   | |_____^
   |
   = note: this error originates in the macro `$crate::sqlx_macros::expand_query` which comes from the expansion of the macro `sqlx::query_as` (in Nightly builds, run with -Z macro-backtrace for more info)

error: error communicating with database: Connection refused (os error 111)
  --> src/handlers/staffing.rs:95:23
   |
95 |       let plan_exists = sqlx::query!(
   |  _______________________^
96 | |         "SELECT id FROM financial_plans WHERE id = $1 AND tenant_id = $2",
97 | |         payload.plan_id,
98 | |         claims.tenant_id
99 | |     )
   | |_____^
   |
   = note: this error originates in the macro `$crate::sqlx_macros::expand_query` which comes from the expansion of the macro `sqlx::query` (in Nightly builds, run with -Z macro-backtrace for more info)

error: error communicating with database: Connection refused (os error 111)
   --> src/handlers/staffing.rs:110:16
    |
110 |       let role = sqlx::query_as!(
    |  ________________^
111 | |         StaffingRole,
112 | |         r#"
113 | |         INSERT INTO staffing_roles (plan_id, role_name, annual_salary, start_month, target_count, hiring_plan, hiring_rate, annual_increa...
...   |
134 | |         annual_increase_percent
135 | |     )
    | |_____^
    |
    = note: this error originates in the macro `$crate::sqlx_macros::expand_query` which comes from the expansion of the macro `sqlx::query_as` (in Nightly builds, run with -Z macro-backtrace for more info)

error: error communicating with database: Connection refused (os error 111)
   --> src/handlers/staffing.rs:181:16
    |
181 |       let role = sqlx::query_as!(
    |  ________________^
182 | |         StaffingRole,
183 | |         r#"
184 | |         UPDATE staffing_roles SET
...   |
214 | |         claims.tenant_id
215 | |     )
    | |_____^
    |
    = note: this error originates in the macro `$crate::sqlx_macros::expand_query` which comes from the expansion of the macro `sqlx::query_as` (in Nightly builds, run with -Z macro-backtrace for more info)

error: error communicating with database: Connection refused (os error 111)
   --> src/handlers/staffing.rs:227:18
    |
227 |       let result = sqlx::query!(
    |  __________________^
228 | |         "DELETE FROM staffing_roles 
229 | |          WHERE id = $1 
230 | |          AND plan_id IN (SELECT id FROM financial_plans WHERE tenant_id = $2)", 
231 | |         id,
232 | |         claims.tenant_id
233 | |     )
    | |_____^
    |
    = note: this error originates in the macro `$crate::sqlx_macros::expand_query` which comes from the expansion of the macro `sqlx::query` (in Nightly builds, run with -Z macro-backtrace for more info)

error: error communicating with database: Connection refused (os error 111)
  --> src/handlers/fund_plans.rs:17:16
   |
17 |       let plan = sqlx::query_as!(
   |  ________________^
18 | |         FundPlan,
19 | |         r#"
20 | |         INSERT INTO fund_plans (fund_id, plan_name, selected_plans, tenant_id)
...  |
27 | |         claims.tenant_id
28 | |     )
   | |_____^
   |
   = note: this error originates in the macro `$crate::sqlx_macros::expand_query` which comes from the expansion of the macro `sqlx::query_as` (in Nightly builds, run with -Z macro-backtrace for more info)

error: error communicating with database: Connection refused (os error 111)
  --> src/handlers/fund_plans.rs:42:17
   |
42 |       let plans = sqlx::query_as!(
   |  _________________^
43 | |         FundPlan,
44 | |         r#"
45 | |         SELECT id, fund_id, plan_name, selected_plans, tenant_id, created_at, updated_at
...  |
51 | |         claims.tenant_id
52 | |     )
   | |_____^
   |
   = note: this error originates in the macro `$crate::sqlx_macros::expand_query` which comes from the expansion of the macro `sqlx::query_as` (in Nightly builds, run with -Z macro-backtrace for more info)

error: error communicating with database: Connection refused (os error 111)
  --> src/handlers/fund_plans.rs:66:16
   |
66 |       let plan = sqlx::query_as!(
   |  ________________^
67 | |         FundPlan,
68 | |         r#"
69 | |         SELECT id, fund_id, plan_name, selected_plans, tenant_id, created_at, updated_at
...  |
74 | |         claims.tenant_id
75 | |     )
   | |_____^
   |
   = note: this error originates in the macro `$crate::sqlx_macros::expand_query` which comes from the expansion of the macro `sqlx::query_as` (in Nightly builds, run with -Z macro-backtrace for more info)

error: error communicating with database: Connection refused (os error 111)
   --> src/handlers/fund_plans.rs:91:16
    |
 91 |       let plan = sqlx::query_as!(
    |  ________________^
 92 | |         FundPlan,
 93 | |         r#"
 94 | |         UPDATE fund_plans
...   |
102 | |         claims.tenant_id
103 | |     )
    | |_____^
    |
    = note: this error originates in the macro `$crate::sqlx_macros::expand_query` which comes from the expansion of the macro `sqlx::query_as` (in Nightly builds, run with -Z macro-backtrace for more info)

error: error communicating with database: Connection refused (os error 111)
   --> src/handlers/fund_plans.rs:118:18
    |
118 |       let result = sqlx::query!(
    |  __________________^
119 | |         "DELETE FROM fund_plans WHERE id = $1 AND tenant_id = $2",
120 | |         id,
121 | |         claims.tenant_id
122 | |     )
    | |_____^
    |
    = note: this error originates in the macro `$crate::sqlx_macros::expand_query` which comes from the expansion of the macro `sqlx::query` (in Nightly builds, run with -Z macro-backtrace for more info)

error: error communicating with database: Connection refused (os error 111)
  --> src/handlers/fund_simulation.rs:42:17
   |
42 |       let _fund = sqlx::query_as!(
   |  _________________^
43 | |         models::Fund,
44 | |         r#"
45 | |         SELECT 
...  |
51 | |         claims.tenant_id
52 | |     )
   | |_____^
   |
   = note: this error originates in the macro `$crate::sqlx_macros::expand_query` which comes from the expansion of the macro `sqlx::query_as` (in Nightly builds, run with -Z macro-backtrace for more info)

error: error communicating with database: Connection refused (os error 111)
  --> src/handlers/fund_simulation.rs:58:21
   |
58 |       let companies = sqlx::query_as!(
   |  _____________________^
59 | |         models::Company,
60 | |         r#"
61 | |         SELECT 
...  |
68 | |         claims.tenant_id
69 | |     )
   | |_____^
   |
   = note: this error originates in the macro `$crate::sqlx_macros::expand_query` which comes from the expansion of the macro `sqlx::query_as` (in Nightly builds, run with -Z macro-backtrace for more info)

error: error communicating with database: Connection refused (os error 111)
  --> src/handlers/fund_simulation.rs:80:22
   |
80 |           let record = sqlx::query!(
   |  ______________________^
81 | |             r#"
82 | |             SELECT selected_plans
83 | |             FROM fund_plans
...  |
87 | |             claims.tenant_id
88 | |         )
   | |_________^
   |
   = note: this error originates in the macro `$crate::sqlx_macros::expand_query` which comes from the expansion of the macro `sqlx::query` (in Nightly builds, run with -Z macro-backtrace for more info)

error: error communicating with database: Connection refused (os error 111)
   --> src/handlers/fund_simulation.rs:123:13
    |
123 | /             sqlx::query_as!(
124 | |                 models::FinancialPlan,
125 | |                 r#"
126 | |                 SELECT 
...   |
134 | |                 claims.tenant_id
135 | |             )
    | |_____________^
    |
    = note: this error originates in the macro `$crate::sqlx_macros::expand_query` which comes from the expansion of the macro `sqlx::query_as` (in Nightly builds, run with -Z macro-backtrace for more info)

error: error communicating with database: Connection refused (os error 111)
   --> src/handlers/fund_simulation.rs:140:13
    |
140 | /             sqlx::query_as!(
141 | |                 models::FinancialPlan,
142 | |                 r#"
143 | |                 SELECT 
...   |
153 | |                 claims.tenant_id
154 | |             )
    | |_____________^
    |
    = note: this error originates in the macro `$crate::sqlx_macros::expand_query` which comes from the expansion of the macro `sqlx::query_as` (in Nightly builds, run with -Z macro-backtrace for more info)

error: error communicating with database: Connection refused (os error 111)
   --> src/handlers/fund_simulation.rs:190:29
    |
190 |       let stochastic_events = sqlx::query_as!(
    |  _____________________________^
191 | |         models::Event,
192 | |         r#"
193 | |         SELECT 
...   |
215 | |         &company_ids
216 | |     )
    | |_____^
    |
    = note: this error originates in the macro `$crate::sqlx_macros::expand_query` which comes from the expansion of the macro `sqlx::query_as` (in Nightly builds, run with -Z macro-backtrace for more info)

error: error communicating with database: Connection refused (os error 111)
   --> src/handlers/fund_simulation.rs:240:25
    |
240 |       let revenue_items = sqlx::query_as!(
    |  _________________________^
241 | |         models::RevenueItem,
242 | |         r#"
243 | |         SELECT 
...   |
254 | |         plan.id
255 | |     )
    | |_____^
    |
    = note: this error originates in the macro `$crate::sqlx_macros::expand_query` which comes from the expansion of the macro `sqlx::query_as` (in Nightly builds, run with -Z macro-backtrace for more info)

error: error communicating with database: Connection refused (os error 111)
   --> src/handlers/fund_simulation.rs:260:25
    |
260 |       let expense_items = sqlx::query_as!(
    |  _________________________^
261 | |         models::ExpenseItem,
262 | |         r#"
263 | |         SELECT 
...   |
274 | |         plan.id
275 | |     )
    | |_____^
    |
    = note: this error originates in the macro `$crate::sqlx_macros::expand_query` which comes from the expansion of the macro `sqlx::query_as` (in Nightly builds, run with -Z macro-backtrace for more info)

error: error communicating with database: Connection refused (os error 111)
   --> src/handlers/fund_simulation.rs:280:30
    |
280 |       let capital_injections = sqlx::query_as!(
    |  ______________________________^
281 | |         models::CapitalInjection,
282 | |         r#"
283 | |         SELECT id, plan_id, injection_name, amount, month, created_at
...   |
287 | |         plan.id
288 | |     )
    | |_____^
    |
    = note: this error originates in the macro `$crate::sqlx_macros::expand_query` which comes from the expansion of the macro `sqlx::query_as` (in Nightly builds, run with -Z macro-backtrace for more info)

error: error communicating with database: Connection refused (os error 111)
   --> src/handlers/fund_simulation.rs:293:27
    |
293 |       let dividend_policy = sqlx::query_as!(
    |  ___________________________^
294 | |         models::DividendPolicy,
295 | |         r#"
296 | |         SELECT id, plan_id, is_enabled, safety_threshold, payout_ratio, created_at, tracking_enabled as "tracking_enabled!"
...   |
300 | |         plan.id
301 | |     )
    | |_____^
    |
    = note: this error originates in the macro `$crate::sqlx_macros::expand_query` which comes from the expansion of the macro `sqlx::query_as` (in Nightly builds, run with -Z macro-backtrace for more info)

error: error communicating with database: Connection refused (os error 111)
   --> src/handlers/fund_simulation.rs:306:27
    |
306 |       let credit_facility = sqlx::query_as!(
    |  ___________________________^
307 | |         models::CreditFacility,
308 | |         r#"
309 | |         SELECT id, plan_id, facility_limit, interest_rate, is_annual_rate, created_at
...   |
313 | |         plan.id
314 | |     )
    | |_____^
    |
    = note: this error originates in the macro `$crate::sqlx_macros::expand_query` which comes from the expansion of the macro `sqlx::query_as` (in Nightly builds, run with -Z macro-backtrace for more info)

error: error communicating with database: Connection refused (os error 111)
   --> src/handlers/fund_simulation.rs:319:32
    |
319 |       let valuation_assumption = sqlx::query_as!(
    |  ________________________________^
320 | |         models::ValuationAssumption,
321 | |         r#"
322 | |         SELECT id, plan_id, valuation_name, method, multiplier, date_applied, created_at
...   |
326 | |         plan.id
327 | |     )
    | |_____^
    |
    = note: this error originates in the macro `$crate::sqlx_macros::expand_query` which comes from the expansion of the macro `sqlx::query_as` (in Nightly builds, run with -Z macro-backtrace for more info)

error: error communicating with database: Connection refused (os error 111)
   --> src/handlers/fund_simulation.rs:333:18
    |
333 |       let events = sqlx::query_as!(
    |  __________________^
334 | |         models::Event,
335 | |         r#"
336 | |         SELECT 
...   |
359 | |         plan.id
360 | |     )
    | |_____^
    |
    = note: this error originates in the macro `$crate::sqlx_macros::expand_query` which comes from the expansion of the macro `sqlx::query_as` (in Nightly builds, run with -Z macro-backtrace for more info)

error: error communicating with database: Connection refused (os error 111)
   --> src/handlers/fund_simulation.rs:365:26
    |
365 |       let staffing_roles = sqlx::query_as!(
    |  __________________________^
366 | |         models::StaffingRole,
367 | |         r#"
368 | |         SELECT 
...   |
374 | |         plan.id
375 | |     )
    | |_____^
    |
    = note: this error originates in the macro `$crate::sqlx_macros::expand_query` which comes from the expansion of the macro `sqlx::query_as` (in Nightly builds, run with -Z macro-backtrace for more info)

error: error communicating with database: Connection refused (os error 111)
   --> src/handlers/fund_simulation.rs:380:33
    |
380 |       let capital_growth_policy = sqlx::query_as!(
    |  _________________________________^
381 | |         models::CapitalGrowthPolicy,
382 | |         r#"
383 | |         SELECT 
...   |
391 | |         plan.id
392 | |     )
    | |_____^
    |
    = note: this error originates in the macro `$crate::sqlx_macros::expand_query` which comes from the expansion of the macro `sqlx::query_as` (in Nightly builds, run with -Z macro-backtrace for more info)

error: error communicating with database: Connection refused (os error 111)
  --> src/handlers/lifecycle.rs:25:23
   |
25 |       let source_plan = sqlx::query_as!(
   |  _______________________^
26 | |         FinancialPlan,
27 | |         "SELECT * FROM financial_plans WHERE id = $1",
28 | |         source_plan_id
29 | |     )
   | |_____^
   |
   = note: this error originates in the macro `$crate::sqlx_macros::expand_query` which comes from the expansion of the macro `sqlx::query_as` (in Nightly builds, run with -Z macro-backtrace for more info)

error: error communicating with database: Connection refused (os error 111)
  --> src/handlers/lifecycle.rs:37:5
   |
37 | /     sqlx::query!(
38 | |         r#"
39 | |         INSERT INTO financial_plans (
40 | |             id, company_id, plan_name, start_month, currency_code, 
...  |
53 | |         source_plan.insolvency_threshold
54 | |     )
   | |_____^
   |
   = note: this error originates in the macro `$crate::sqlx_macros::expand_query` which comes from the expansion of the macro `sqlx::query` (in Nightly builds, run with -Z macro-backtrace for more info)

error: error communicating with database: Connection refused (os error 111)
  --> src/handlers/lifecycle.rs:59:20
   |
59 |     let revenues = sqlx::query_as!(RevenueItem, "SELECT * FROM revenue_items WHERE plan_id = $1", source_plan_id)
   |                    ^^^^^^^^^^^^^^^^^^^^^^^^^^^^^^^^^^^^^^^^^^^^^^^^^^^^^^^^^^^^^^^^^^^^^^^^^^^^^^^^^^^^^^^^^^^^^^
   |
   = note: this error originates in the macro `$crate::sqlx_macros::expand_query` which comes from the expansion of the macro `sqlx::query_as` (in Nightly builds, run with -Z macro-backtrace for more info)

error: error communicating with database: Connection refused (os error 111)
  --> src/handlers/lifecycle.rs:62:9
   |
62 | /         sqlx::query!(
63 | |             r#"INSERT INTO revenue_items (
64 | |                 id, plan_id, revenue_name, source, start_month, end_month, 
65 | |                 initial_amount, growth_rate_percent, frequency, cost_of_revenue_percent,
...  |
72 | |             item.vol_freedom, item.vol_alpha, item.vol_beta, Utc::now()
73 | |         ).execute(&mut **txn).await?;
   | |_________^
   |
   = note: this error originates in the macro `$crate::sqlx_macros::expand_query` which comes from the expansion of the macro `sqlx::query` (in Nightly builds, run with -Z macro-backtrace for more info)

error: error communicating with database: Connection refused (os error 111)
  --> src/handlers/lifecycle.rs:77:20
   |
77 |     let expenses = sqlx::query_as!(ExpenseItem, "SELECT * FROM expense_items WHERE plan_id = $1", source_plan_id)
   |                    ^^^^^^^^^^^^^^^^^^^^^^^^^^^^^^^^^^^^^^^^^^^^^^^^^^^^^^^^^^^^^^^^^^^^^^^^^^^^^^^^^^^^^^^^^^^^^^
   |
   = note: this error originates in the macro `$crate::sqlx_macros::expand_query` which comes from the expansion of the macro `sqlx::query_as` (in Nightly builds, run with -Z macro-backtrace for more info)

error: error communicating with database: Connection refused (os error 111)
  --> src/handlers/lifecycle.rs:80:9
   |
80 | /         sqlx::query!(
81 | |             r#"INSERT INTO expense_items (
82 | |                 id, plan_id, expense_name, category, start_month, end_month,
83 | |                 initial_amount, growth_rate_percent, frequency, pct_of_revenue,
...  |
90 | |             item.vol_freedom, item.vol_alpha, item.vol_beta, Utc::now()
91 | |         ).execute(&mut **txn).await?;
   | |_________^
   |
   = note: this error originates in the macro `$crate::sqlx_macros::expand_query` which comes from the expansion of the macro `sqlx::query` (in Nightly builds, run with -Z macro-backtrace for more info)

error: error communicating with database: Connection refused (os error 111)
  --> src/handlers/lifecycle.rs:95:20
   |
95 |     let staffing = sqlx::query_as!(StaffingRole, "SELECT * FROM staffing_roles WHERE plan_id = $1", source_plan_id)
   |                    ^^^^^^^^^^^^^^^^^^^^^^^^^^^^^^^^^^^^^^^^^^^^^^^^^^^^^^^^^^^^^^^^^^^^^^^^^^^^^^^^^^^^^^^^^^^^^^^^
   |
   = note: this error originates in the macro `$crate::sqlx_macros::expand_query` which comes from the expansion of the macro `sqlx::query_as` (in Nightly builds, run with -Z macro-backtrace for more info)

error: error communicating with database: Connection refused (os error 111)
   --> src/handlers/lifecycle.rs:98:9
    |
 98 | /         sqlx::query!(
 99 | |             r#"INSERT INTO staffing_roles (
100 | |                 id, plan_id, role_name, annual_salary, start_month, target_count,
101 | |                 hiring_plan, hiring_rate, annual_increase_percent, created_at
...   |
104 | |             item.hiring_plan, item.hiring_rate, item.annual_increase_percent, Utc::now()
105 | |         ).execute(&mut **txn).await?;
    | |_________^
    |
    = note: this error originates in the macro `$crate::sqlx_macros::expand_query` which comes from the expansion of the macro `sqlx::query` (in Nightly builds, run with -Z macro-backtrace for more info)

error: error communicating with database: Connection refused (os error 111)
   --> src/handlers/lifecycle.rs:109:22
    |
109 |     let injections = sqlx::query_as!(CapitalInjection, "SELECT * FROM capital_injections WHERE plan_id = $1", source_plan_id)
    |                      ^^^^^^^^^^^^^^^^^^^^^^^^^^^^^^^^^^^^^^^^^^^^^^^^^^^^^^^^^^^^^^^^^^^^^^^^^^^^^^^^^^^^^^^^^^^^^^^^^^^^^^^^
    |
    = note: this error originates in the macro `$crate::sqlx_macros::expand_query` which comes from the expansion of the macro `sqlx::query_as` (in Nightly builds, run with -Z macro-backtrace for more info)

error: error communicating with database: Connection refused (os error 111)
   --> src/handlers/lifecycle.rs:112:9
    |
112 | /         sqlx::query!(
113 | |             r#"INSERT INTO capital_injections (
114 | |                 id, plan_id, injection_name, amount, month, created_at
115 | |             ) VALUES ($1, $2, $3, $4, $5, $6)"#,
116 | |             Uuid::new_v4(), new_plan_id, item.injection_name, item.amount, item.month, Utc::now()
117 | |         ).execute(&mut **txn).await?;
    | |_________^
    |
    = note: this error originates in the macro `$crate::sqlx_macros::expand_query` which comes from the expansion of the macro `sqlx::query` (in Nightly builds, run with -Z macro-backtrace for more info)

error: error communicating with database: Connection refused (os error 111)
   --> src/handlers/lifecycle.rs:121:18
    |
121 |       let events = sqlx::query_as!(
    |  __________________^
122 | |         Event,
123 | |         r#"
124 | |         SELECT 
...   |
144 | |         source_plan_id
145 | |     )
    | |_____^
    |
    = note: this error originates in the macro `$crate::sqlx_macros::expand_query` which comes from the expansion of the macro `sqlx::query_as` (in Nightly builds, run with -Z macro-backtrace for more info)

error: error communicating with database: Connection refused (os error 111)
   --> src/handlers/lifecycle.rs:154:9
    |
154 | /         sqlx::query!(
155 | |             r#"INSERT INTO events (
156 | |                 id, plan_id, fund_ids, company_ids, event_name, start_month, 
157 | |                 event_category, impact_type, impact_value, duration_months, 
...   |
167 | |             item.is_counter_cyclic, Utc::now()
168 | |         ).execute(&mut **txn).await?;
    | |_________^
    |
    = note: this error originates in the macro `$crate::sqlx_macros::expand_query` which comes from the expansion of the macro `sqlx::query` (in Nightly builds, run with -Z macro-backtrace for more info)

error: error communicating with database: Connection refused (os error 111)
   --> src/handlers/lifecycle.rs:172:21
    |
172 |       let dividends = sqlx::query_as!(DividendPolicy, 
    |  _____________________^
173 | |         r#"SELECT id, plan_id, is_enabled, safety_threshold, payout_ratio, created_at, tracking_enabled as "tracking_enabled!" 
174 | |            FROM dividend_policies WHERE plan_id = $1"#, 
175 | |         source_plan_id)
    | |_______________________^
    |
    = note: this error originates in the macro `$crate::sqlx_macros::expand_query` which comes from the expansion of the macro `sqlx::query_as` (in Nightly builds, run with -Z macro-backtrace for more info)

error: error communicating with database: Connection refused (os error 111)
   --> src/handlers/lifecycle.rs:178:9
    |
178 | /         sqlx::query!(
179 | |             r#"INSERT INTO dividend_policies (
180 | |                 id, plan_id, is_enabled, safety_threshold, payout_ratio, created_at, tracking_enabled
181 | |             ) VALUES ($1, $2, $3, $4, $5, $6, $7)"#,
182 | |             Uuid::new_v4(), new_plan_id, item.is_enabled, item.safety_threshold, item.payout_ratio, Utc::now(), item.tracking_enabled
183 | |         ).execute(&mut **txn).await?;
    | |_________^
    |
    = note: this error originates in the macro `$crate::sqlx_macros::expand_query` which comes from the expansion of the macro `sqlx::query` (in Nightly builds, run with -Z macro-backtrace for more info)

error: error communicating with database: Connection refused (os error 111)
   --> src/handlers/lifecycle.rs:187:18
    |
187 |     let credit = sqlx::query_as!(CreditFacility, "SELECT * FROM credit_facilities WHERE plan_id = $1", source_plan_id)
    |                  ^^^^^^^^^^^^^^^^^^^^^^^^^^^^^^^^^^^^^^^^^^^^^^^^^^^^^^^^^^^^^^^^^^^^^^^^^^^^^^^^^^^^^^^^^^^^^^^^^^^^^
    |
    = note: this error originates in the macro `$crate::sqlx_macros::expand_query` which comes from the expansion of the macro `sqlx::query_as` (in Nightly builds, run with -Z macro-backtrace for more info)

error: error communicating with database: Connection refused (os error 111)
   --> src/handlers/lifecycle.rs:190:9
    |
190 | /         sqlx::query!(
191 | |             r#"INSERT INTO credit_facilities (
192 | |                 id, plan_id, facility_limit, interest_rate, is_annual_rate, created_at
193 | |             ) VALUES ($1, $2, $3, $4, $5, $6)"#,
194 | |             Uuid::new_v4(), new_plan_id, item.facility_limit, item.interest_rate, item.is_annual_rate, Utc::now()
195 | |         ).execute(&mut **txn).await?;
    | |_________^
    |
    = note: this error originates in the macro `$crate::sqlx_macros::expand_query` which comes from the expansion of the macro `sqlx::query` (in Nightly builds, run with -Z macro-backtrace for more info)

error: error communicating with database: Connection refused (os error 111)
   --> src/handlers/lifecycle.rs:199:21
    |
199 |     let valuation = sqlx::query_as!(ValuationAssumption, "SELECT * FROM valuation_assumptions WHERE plan_id = $1", source_plan_id)
    |                     ^^^^^^^^^^^^^^^^^^^^^^^^^^^^^^^^^^^^^^^^^^^^^^^^^^^^^^^^^^^^^^^^^^^^^^^^^^^^^^^^^^^^^^^^^^^^^^^^^^^^^^^^^^^^^^
    |
    = note: this error originates in the macro `$crate::sqlx_macros::expand_query` which comes from the expansion of the macro `sqlx::query_as` (in Nightly builds, run with -Z macro-backtrace for more info)

error: error communicating with database: Connection refused (os error 111)
   --> src/handlers/lifecycle.rs:202:9
    |
202 | /         sqlx::query!(
203 | |             r#"INSERT INTO valuation_assumptions (
204 | |                 id, plan_id, valuation_name, method, multiplier, date_applied, created_at
205 | |             ) VALUES ($1, $2, $3, $4, $5, $6, $7)"#,
206 | |             Uuid::new_v4(), new_plan_id, item.valuation_name, item.method, item.multiplier, item.date_applied, Utc::now()
207 | |         ).execute(&mut **txn).await?;
    | |_________^
    |
    = note: this error originates in the macro `$crate::sqlx_macros::expand_query` which comes from the expansion of the macro `sqlx::query` (in Nightly builds, run with -Z macro-backtrace for more info)

error: error communicating with database: Connection refused (os error 111)
   --> src/handlers/lifecycle.rs:211:18
    |
211 |     let growth = sqlx::query_as!(CapitalGrowthPolicy, "SELECT * FROM capital_growth_policies WHERE plan_id = $1", source_plan_id)
    |                  ^^^^^^^^^^^^^^^^^^^^^^^^^^^^^^^^^^^^^^^^^^^^^^^^^^^^^^^^^^^^^^^^^^^^^^^^^^^^^^^^^^^^^^^^^^^^^^^^^^^^^^^^^^^^^^^^
    |
    = note: this error originates in the macro `$crate::sqlx_macros::expand_query` which comes from the expansion of the macro `sqlx::query_as` (in Nightly builds, run with -Z macro-backtrace for more info)

error: error communicating with database: Connection refused (os error 111)
   --> src/handlers/lifecycle.rs:214:9
    |
214 | /         sqlx::query!(
215 | |             r#"INSERT INTO capital_growth_policies (
216 | |                 id, plan_id, volatility_type, vol_min, vol_max, vol_intervals, vol_mean, vol_scale,
217 | |                 vol_freedom, vol_alpha, vol_beta, created_at, growth_rate_percent
...   |
220 | |             item.vol_freedom, item.vol_alpha, item.vol_beta, Utc::now(), item.growth_rate_percent
221 | |         ).execute(&mut **txn).await?;
    | |_________^
    |
    = note: this error originates in the macro `$crate::sqlx_macros::expand_query` which comes from the expansion of the macro `sqlx::query` (in Nightly builds, run with -Z macro-backtrace for more info)

error: error communicating with database: Connection refused (os error 111)
   --> src/handlers/lifecycle.rs:234:26
    |
234 |       let source_company = sqlx::query_as!(
    |  __________________________^
235 | |         Company,
236 | |         "SELECT * FROM companies WHERE id = $1",
237 | |         source_company_id
238 | |     )
    | |_____^
    |
    = note: this error originates in the macro `$crate::sqlx_macros::expand_query` which comes from the expansion of the macro `sqlx::query_as` (in Nightly builds, run with -Z macro-backtrace for more info)

error: error communicating with database: Connection refused (os error 111)
   --> src/handlers/lifecycle.rs:246:5
    |
246 | /     sqlx::query!(
247 | |         r#"
248 | |         INSERT INTO companies (
249 | |             id, fund_id, company_name, currency_code, created_at,
...   |
261 | |         tenant_id
262 | |     )
    | |_____^
    |
    = note: this error originates in the macro `$crate::sqlx_macros::expand_query` which comes from the expansion of the macro `sqlx::query` (in Nightly builds, run with -Z macro-backtrace for more info)

error: error communicating with database: Connection refused (os error 111)
   --> src/handlers/lifecycle.rs:266:17
    |
266 |       let plans = sqlx::query!(
    |  _________________^
267 | |         "SELECT id FROM financial_plans WHERE company_id = $1",
268 | |         source_company_id
269 | |     )
    | |_____^
    |
    = note: this error originates in the macro `$crate::sqlx_macros::expand_query` which comes from the expansion of the macro `sqlx::query` (in Nightly builds, run with -Z macro-backtrace for more info)

error: error communicating with database: Connection refused (os error 111)
   --> src/handlers/lifecycle.rs:280:5
    |
280 | /     sqlx::query!(
281 | |         r#"
282 | |         INSERT INTO events (
283 | |             id, plan_id, fund_ids, company_ids, event_name, start_month, 
...   |
301 | |         new_company_id
302 | |     )
    | |_____^
    |
    = note: this error originates in the macro `$crate::sqlx_macros::expand_query` which comes from the expansion of the macro `sqlx::query` (in Nightly builds, run with -Z macro-backtrace for more info)

error: error communicating with database: Connection refused (os error 111)
   --> src/handlers/lifecycle.rs:318:23
    |
318 |       let source_plan = sqlx::query!(
    |  _______________________^
319 | |         "SELECT company_id FROM financial_plans WHERE id = $1 AND tenant_id = $2",
320 | |         plan_id,
321 | |         claims.tenant_id
322 | |     )
    | |_____^
    |
    = note: this error originates in the macro `$crate::sqlx_macros::expand_query` which comes from the expansion of the macro `sqlx::query` (in Nightly builds, run with -Z macro-backtrace for more info)

error: error communicating with database: Connection refused (os error 111)
   --> src/handlers/lifecycle.rs:335:20
    |
335 |       let new_plan = sqlx::query_as!(
    |  ____________________^
336 | |         FinancialPlan,
337 | |         "SELECT * FROM financial_plans WHERE id = $1",
338 | |         new_id
339 | |     )
    | |_____^
    |
    = note: this error originates in the macro `$crate::sqlx_macros::expand_query` which comes from the expansion of the macro `sqlx::query_as` (in Nightly builds, run with -Z macro-backtrace for more info)

error: error communicating with database: Connection refused (os error 111)
   --> src/handlers/lifecycle.rs:353:26
    |
353 |       let source_company = sqlx::query!(
    |  __________________________^
354 | |         "SELECT fund_id FROM companies WHERE id = $1 AND tenant_id = $2",
355 | |         company_id,
356 | |         claims.tenant_id
357 | |     )
    | |_____^
    |
    = note: this error originates in the macro `$crate::sqlx_macros::expand_query` which comes from the expansion of the macro `sqlx::query` (in Nightly builds, run with -Z macro-backtrace for more info)

error: error communicating with database: Connection refused (os error 111)
   --> src/handlers/lifecycle.rs:370:23
    |
370 |       let new_company = sqlx::query_as!(
    |  _______________________^
371 | |         Company,
372 | |         "SELECT * FROM companies WHERE id = $1",
373 | |         new_id
374 | |     )
    | |_____^
    |
    = note: this error originates in the macro `$crate::sqlx_macros::expand_query` which comes from the expansion of the macro `sqlx::query_as` (in Nightly builds, run with -Z macro-backtrace for more info)

error: error communicating with database: Connection refused (os error 111)
   --> src/handlers/lifecycle.rs:388:23
    |
388 |       let source_fund = sqlx::query_as!(
    |  _______________________^
389 | |         Fund,
390 | |         "SELECT * FROM funds WHERE id = $1 AND tenant_id = $2",
391 | |         fund_id,
392 | |         claims.tenant_id
393 | |     )
    | |_____^
    |
    = note: this error originates in the macro `$crate::sqlx_macros::expand_query` which comes from the expansion of the macro `sqlx::query_as` (in Nightly builds, run with -Z macro-backtrace for more info)

error: error communicating with database: Connection refused (os error 111)
   --> src/handlers/lifecycle.rs:405:5
    |
405 | /     sqlx::query!(
406 | |         r#"
407 | |         INSERT INTO funds (id, user_id, fund_name, currency_code, created_at, tenant_id, is_public_template)
408 | |         VALUES ($1, $2, $3, $4, NOW(), $5, $6)
...   |
415 | |         false
416 | |     )
    | |_____^
    |
    = note: this error originates in the macro `$crate::sqlx_macros::expand_query` which comes from the expansion of the macro `sqlx::query` (in Nightly builds, run with -Z macro-backtrace for more info)

error: error communicating with database: Connection refused (os error 111)
   --> src/handlers/lifecycle.rs:420:21
    |
420 |       let companies = sqlx::query!(
    |  _____________________^
421 | |         "SELECT id FROM companies WHERE fund_id = $1",
422 | |         fund_id
423 | |     )
    | |_____^
    |
    = note: this error originates in the macro `$crate::sqlx_macros::expand_query` which comes from the expansion of the macro `sqlx::query` (in Nightly builds, run with -Z macro-backtrace for more info)

error: error communicating with database: Connection refused (os error 111)
   --> src/handlers/lifecycle.rs:435:5
    |
435 | /     sqlx::query!(
436 | |         r#"
437 | |         INSERT INTO events (
438 | |             id, plan_id, fund_ids, company_ids, event_name, start_month, 
...   |
456 | |         new_fund_id
457 | |     )
    | |_____^
    |
    = note: this error originates in the macro `$crate::sqlx_macros::expand_query` which comes from the expansion of the macro `sqlx::query` (in Nightly builds, run with -Z macro-backtrace for more info)

error: error communicating with database: Connection refused (os error 111)
   --> src/handlers/lifecycle.rs:463:20
    |
463 |       let new_fund = sqlx::query_as!(
    |  ____________________^
464 | |         Fund,
465 | |         "SELECT * FROM funds WHERE id = $1",
466 | |         new_fund_id
467 | |     )
    | |_____^
    |
    = note: this error originates in the macro `$crate::sqlx_macros::expand_query` which comes from the expansion of the macro `sqlx::query_as` (in Nightly builds, run with -Z macro-backtrace for more info)

error: error communicating with database: Connection refused (os error 111)
   --> src/handlers/lifecycle.rs:485:25
    |
485 |       let target_exists = sqlx::query!(
    |  _________________________^
486 | |         "SELECT id FROM funds WHERE id = $1 AND tenant_id = $2",
487 | |         payload.target_fund_id,
488 | |         claims.tenant_id
489 | |     )
    | |_____^
    |
    = note: this error originates in the macro `$crate::sqlx_macros::expand_query` which comes from the expansion of the macro `sqlx::query` (in Nightly builds, run with -Z macro-backtrace for more info)

error: error communicating with database: Connection refused (os error 111)
   --> src/handlers/lifecycle.rs:497:19
    |
497 |       let updated = sqlx::query_as!(
    |  ___________________^
498 | |         Company,
499 | |         "UPDATE companies SET fund_id = $1 WHERE id = $2 AND tenant_id = $3 RETURNING *",
500 | |         payload.target_fund_id,
501 | |         company_id,
502 | |         claims.tenant_id
503 | |     )
    | |_____^
    |
    = note: this error originates in the macro `$crate::sqlx_macros::expand_query` which comes from the expansion of the macro `sqlx::query_as` (in Nightly builds, run with -Z macro-backtrace for more info)

error: error communicating with database: Connection refused (os error 111)
   --> src/handlers/lifecycle.rs:516:21
    |
516 |       let templates = sqlx::query_as!(
    |  _____________________^
517 | |         Fund,
518 | |         "SELECT * FROM funds WHERE is_public_template = true"
519 | |     )
    | |_____^
    |
    = note: this error originates in the macro `$crate::sqlx_macros::expand_query` which comes from the expansion of the macro `sqlx::query_as` (in Nightly builds, run with -Z macro-backtrace for more info)

error: error communicating with database: Connection refused (os error 111)
   --> src/handlers/lifecycle.rs:533:20
    |
533 |       let template = sqlx::query_as!(
    |  ____________________^
534 | |         Fund,
535 | |         "SELECT * FROM funds WHERE id = $1 AND is_public_template = true",
536 | |         template_id
537 | |     )
    | |_____^
    |
    = note: this error originates in the macro `$crate::sqlx_macros::expand_query` which comes from the expansion of the macro `sqlx::query_as` (in Nightly builds, run with -Z macro-backtrace for more info)

error: error communicating with database: Connection refused (os error 111)
   --> src/handlers/lifecycle.rs:549:5
    |
549 | /     sqlx::query!(
550 | |         r#"
551 | |         INSERT INTO funds (id, user_id, fund_name, currency_code, created_at, tenant_id, is_public_template)
552 | |         VALUES ($1, $2, $3, $4, NOW(), $5, $6)
...   |
559 | |         false
560 | |     )
    | |_____^
    |
    = note: this error originates in the macro `$crate::sqlx_macros::expand_query` which comes from the expansion of the macro `sqlx::query` (in Nightly builds, run with -Z macro-backtrace for more info)

error: error communicating with database: Connection refused (os error 111)
   --> src/handlers/lifecycle.rs:564:21
    |
564 |       let companies = sqlx::query!(
    |  _____________________^
565 | |         "SELECT id FROM companies WHERE fund_id = $1",
566 | |         template_id
567 | |     )
    | |_____^
    |
    = note: this error originates in the macro `$crate::sqlx_macros::expand_query` which comes from the expansion of the macro `sqlx::query` (in Nightly builds, run with -Z macro-backtrace for more info)

error: error communicating with database: Connection refused (os error 111)
   --> src/handlers/lifecycle.rs:576:5
    |
576 | /     sqlx::query!(
577 | |         r#"
578 | |         INSERT INTO events (
579 | |             id, plan_id, fund_ids, company_ids, event_name, start_month, 
...   |
597 | |         new_fund_id
598 | |     )
    | |_____^
    |
    = note: this error originates in the macro `$crate::sqlx_macros::expand_query` which comes from the expansion of the macro `sqlx::query` (in Nightly builds, run with -Z macro-backtrace for more info)

error: error communicating with database: Connection refused (os error 111)
   --> src/handlers/lifecycle.rs:604:20
    |
604 |       let new_fund = sqlx::query_as!(
    |  ____________________^
605 | |         Fund,
606 | |         "SELECT * FROM funds WHERE id = $1",
607 | |         new_fund_id
608 | |     )
    | |_____^
    |
    = note: this error originates in the macro `$crate::sqlx_macros::expand_query` which comes from the expansion of the macro `sqlx::query_as` (in Nightly builds, run with -Z macro-backtrace for more info)

warning: unused import: `chrono::Utc`
 --> src/handlers/lifecycle.rs:7:5
  |
7 | use chrono::Utc;
  |     ^^^^^^^^^^^
  |
  = note: `#[warn(unused_imports)]` (part of `#[warn(unused)]`) on by default

warning: unused imports: `CapitalGrowthPolicy`, `CapitalInjection`, `CreditFacility`, `DividendPolicy`, `Event`, `ExpenseItem`, `RevenueItem`, `StaffingRole`, and `ValuationAssumption`
  --> src/handlers/lifecycle.rs:9:35
   |
 9 |     Fund, Company, FinancialPlan, RevenueItem, ExpenseItem, 
   |                                   ^^^^^^^^^^^  ^^^^^^^^^^^
10 |     CapitalInjection, DividendPolicy, CreditFacility, 
   |     ^^^^^^^^^^^^^^^^  ^^^^^^^^^^^^^^  ^^^^^^^^^^^^^^
11 |     ValuationAssumption, Event, CapitalGrowthPolicy, StaffingRole,
   |     ^^^^^^^^^^^^^^^^^^^  ^^^^^  ^^^^^^^^^^^^^^^^^^^  ^^^^^^^^^^^^

warning: unused import: `rust_decimal::prelude::*`
 --> src/projection.rs:3:5
  |
3 | use rust_decimal::prelude::*;
  |     ^^^^^^^^^^^^^^^^^^^^^^^^

warning: unused imports: `FromPrimitive` and `ToPrimitive`
 --> src/engine/domain.rs:5:29
  |
5 | use rust_decimal::prelude::{FromPrimitive, ToPrimitive};
  |                             ^^^^^^^^^^^^^  ^^^^^^^^^^^

warning: unused import: `FromPrimitive`
 --> src/engine/orchestrator.rs:7:29
  |
7 | use rust_decimal::prelude::{FromPrimitive, ToPrimitive};
  |                             ^^^^^^^^^^^^^

warning: unused import: `std::cmp::Ordering`
 --> src/engine/orchestrator.rs:8:5
  |
8 | use std::cmp::Ordering;
  |     ^^^^^^^^^^^^^^^^^^

warning: `backend` (bin "backend") generated 6 warnings
error: could not compile `backend` (bin "backend") due to 147 previous errors; 6 warnings emitted
