    Updating crates.io index
 Downloading crates ...
  Downloaded borsh-derive v1.6.0
  Downloaded atomic-waker v1.1.2
  Downloaded http-body v1.0.1
  Downloaded atoi v2.0.0
  Downloaded futures-io v0.3.31
  Downloaded base64ct v1.8.1
  Downloaded openssl-probe v0.1.6
  Downloaded num-iter v0.1.45
  Downloaded utf8_iter v1.0.4
  Downloaded matchit v0.7.3
  Downloaded writeable v0.6.2
  Downloaded ptr_meta_derive v0.1.4
  Downloaded zerofrom-derive v0.1.6
  Downloaded wyz v0.5.1
  Downloaded subtle v2.6.1
  Downloaded zerofrom v0.1.6
  Downloaded zerovec-derive v0.11.2
  Downloaded zeroize v1.8.2
  Downloaded unicode-ident v1.0.22
  Downloaded unicode-properties v0.1.4
  Downloaded typenum v1.19.0
  Downloaded tracing-core v0.1.35
  Downloaded unicode-segmentation v1.12.0
  Downloaded tracing v0.1.43
  Downloaded unicode-normalization v0.1.25
  Downloaded winnow v0.7.14
  Downloaded vcpkg v0.2.15
  Downloaded serde_json v1.0.145
  Downloaded rust_decimal v1.39.0
  Downloaded syn v1.0.109
  Downloaded sqlx v0.7.4
  Downloaded rkyv v0.7.45
  Downloaded openssl v0.10.75
  Downloaded libc v0.2.178
  Downloaded syn v2.0.111
  Downloaded tower-http v0.5.2
  Downloaded sqlx-postgres v0.7.4
  Downloaded tower v0.5.2
  Downloaded sqlx-core v0.7.4
  Downloaded serde v1.0.228
  Downloaded rustix v1.1.2
  Downloaded rsa v0.9.9
  Downloaded rand v0.8.5
  Downloaded openssl-sys v0.9.111
  Downloaded sqlx-sqlite v0.7.4
  Downloaded proc-macro2 v1.0.103
  Downloaded toml_edit v0.23.9
  Downloaded tinyvec v1.10.0
  Downloaded tempfile v3.23.0
  Downloaded sqlx-mysql v0.7.4
  Downloaded sqlformat v0.2.6
  Downloaded spin v0.9.8
  Downloaded socket2 v0.6.1
  Downloaded serde_derive v1.0.228
  Downloaded serde_core v1.0.228
  Downloaded ryu v1.0.20
  Downloaded rand_distr v0.4.3
  Downloaded num-traits v0.2.19
  Downloaded unicode-bidi v0.3.18
  Downloaded tracing-attributes v0.1.31
  Downloaded toml_parser v1.0.4
  Downloaded tokio-stream v0.1.17
  Downloaded smallvec v1.15.1
  Downloaded seahash v4.1.0
  Downloaded tokio v1.48.0
  Downloaded rkyv_derive v0.7.45
  Downloaded linux-raw-sys v0.11.0
  Downloaded pkcs8 v0.10.2
  Downloaded pkcs1 v0.7.5
  Downloaded pem-rfc7468 v0.7.0
  Downloaded parking_lot_core v0.9.12
  Downloaded parking_lot v0.12.5
  Downloaded tokio-macros v2.6.0
  Downloaded tinystr v0.8.2
  Downloaded thiserror-impl v1.0.69
  Downloaded stringprep v0.1.5
  Downloaded sqlx-macros-core v0.7.4
  Downloaded spki v0.7.3
  Downloaded slab v0.4.11
  Downloaded simdutf8 v0.1.5
  Downloaded shlex v1.3.0
  Downloaded sha2 v0.10.9
  Downloaded rustversion v1.0.22
  Downloaded rand_core v0.6.4
  Downloaded quote v1.0.42
  Downloaded pin-project-lite v0.2.16
  Downloaded tower-layer v0.3.3
  Downloaded toml_datetime v0.7.3
  Downloaded thiserror v1.0.69
  Downloaded synstructure v0.13.2
  Downloaded signal-hook-registry v1.4.7
  Downloaded serde_path_to_error v0.1.20
  Downloaded pkg-config v0.3.32
  Downloaded paste v1.0.15
  Downloaded num-integer v0.1.46
  Downloaded chrono v0.4.42
  Downloaded tower-service v0.3.3
  Downloaded sync_wrapper v1.0.2
  Downloaded sqlx-macros v0.7.4
  Downloaded proc-macro-crate v3.4.0
  Downloaded yoke-derive v0.8.1
  Downloaded yoke v0.8.1
  Downloaded tinyvec_macros v0.1.1
  Downloaded signature v2.2.0
  Downloaded sha1 v0.10.6
  Downloaded scopeguard v1.2.0
  Downloaded icu_properties_data v2.1.2
  Downloaded hkdf v0.12.4
  Downloaded zerotrie v0.2.3
  Downloaded libsqlite3-sys v0.27.0
  Downloaded futures-util v0.3.31
  Downloaded bitvec v1.0.1
  Downloaded stable_deref_trait v1.2.1
  Downloaded zerocopy v0.8.31
  Downloaded rust_decimal_macros v1.39.0
  Downloaded num-bigint-dig v0.8.6
  Downloaded zerovec v0.11.5
  Downloaded libm v0.2.15
  Downloaded idna v1.1.0
  Downloaded hyper v1.8.1
  Downloaded hashbrown v0.16.1
  Downloaded hashbrown v0.14.5
  Downloaded axum v0.7.9
  Downloaded url v2.5.7
  Downloaded unicode_categories v0.1.1
  Downloaded tap v1.0.1
  Downloaded serde_urlencoded v0.7.1
  Downloaded rend v0.4.2
  Downloaded radium v0.7.0
  Downloaded nom v7.1.3
  Downloaded mio v1.1.1
  Downloaded memchr v2.7.6
  Downloaded indexmap v2.12.1
  Downloaded icu_collections v2.1.1
  Downloaded hyper-util v0.1.19
  Downloaded http v1.4.0
  Downloaded hashbrown v0.12.3
  Downloaded futures-intrusive v0.5.0
  Downloaded cc v1.2.49
  Downloaded uuid v1.19.0
  Downloaded rand_chacha v0.3.1
  Downloaded native-tls v0.2.14
  Downloaded minimal-lexical v0.2.1
  Downloaded icu_provider v2.1.1
  Downloaded icu_normalizer_data v2.1.1
  Downloaded icu_normalizer v2.1.1
  Downloaded icu_locale_core v2.1.1
  Downloaded der v0.7.10
  Downloaded bytes v1.11.0
  Downloaded ptr_meta v0.1.4
  Downloaded percent-encoding v2.3.2
  Downloaded log v0.4.29
  Downloaded icu_properties v2.1.2
  Downloaded getrandom v0.3.4
  Downloaded flume v0.11.1
  Downloaded const-oid v0.9.6
  Downloaded borsh v1.6.0
  Downloaded base64 v0.21.7
  Downloaded whoami v1.6.1
  Downloaded version_check v0.9.5
  Downloaded potential_utf v0.1.4
  Downloaded pin-utils v0.1.0
  Downloaded openssl-macros v0.1.1
  Downloaded litemap v0.8.1
  Downloaded iana-time-zone v0.1.64
  Downloaded httparse v1.10.1
  Downloaded allocator-api2 v0.2.21
  Downloaded lock_api v0.4.14
  Downloaded http-body-util v0.1.3
  Downloaded hmac v0.12.1
  Downloaded hashlink v0.8.4
  Downloaded getrandom v0.2.16
  Downloaded find-msvc-tools v0.1.5
  Downloaded event-listener v2.5.3
  Downloaded either v1.15.0
  Downloaded dotenvy v0.15.7
  Downloaded displaydoc v0.2.5
  Downloaded crc-catalog v2.4.0
  Downloaded byteorder v1.5.0
  Downloaded bytecheck_derive v0.6.12
  Downloaded urlencoding v2.1.3
  Downloaded ppv-lite86 v0.2.21
  Downloaded md-5 v0.10.6
  Downloaded lazy_static v1.5.0
  Downloaded itoa v1.0.15
  Downloaded heck v0.4.1
  Downloaded futures-executor v0.3.31
  Downloaded futures-channel v0.3.31
  Downloaded funty v2.0.0
  Downloaded fastrand v2.3.0
  Downloaded errno v0.3.14
  Downloaded digest v0.10.7
  Downloaded crypto-common v0.1.7
  Downloaded crossbeam-queue v0.3.12
  Downloaded crc v3.4.0
  Downloaded cpufeatures v0.2.17
  Downloaded cfg_aliases v0.2.1
  Downloaded cfg-if v1.0.4
  Downloaded bytecheck v0.6.12
  Downloaded mime v0.3.17
  Downloaded idna_adapter v1.2.1
  Downloaded hex v0.4.3
  Downloaded bitflags v2.10.0
  Downloaded ahash v0.8.12
  Downloaded once_cell v1.21.3
  Downloaded httpdate v1.0.3
  Downloaded home v0.5.12
  Downloaded generic-array v0.14.7
  Downloaded futures-task v0.3.31
  Downloaded futures-sink v0.3.31
  Downloaded futures-core v0.3.31
  Downloaded form_urlencoded v1.2.2
  Downloaded foreign-types-shared v0.1.1
  Downloaded foreign-types v0.3.2
  Downloaded equivalent v1.0.2
  Downloaded crossbeam-utils v0.8.21
  Downloaded axum-core v0.4.5
  Downloaded async-trait v0.1.89
  Downloaded autocfg v1.5.0
  Downloaded arrayvec v0.7.6
  Downloaded block-buffer v0.10.4
  Downloaded ahash v0.7.8
   Compiling proc-macro2 v1.0.103
   Compiling quote v1.0.42
   Compiling unicode-ident v1.0.22
   Compiling libc v0.2.178
   Compiling cfg-if v1.0.4
   Compiling version_check v0.9.5
   Compiling stable_deref_trait v1.2.1
   Compiling typenum v1.19.0
   Compiling generic-array v0.14.7
   Compiling futures-core v0.3.31
   Compiling once_cell v1.21.3
   Compiling autocfg v1.5.0
   Compiling bytes v1.11.0
   Compiling parking_lot_core v0.9.12
   Compiling syn v2.0.111
   Compiling pin-project-lite v0.2.16
   Compiling serde_core v1.0.228
   Compiling writeable v0.6.2
   Compiling itoa v1.0.15
   Compiling scopeguard v1.2.0
   Compiling litemap v0.8.1
   Compiling lock_api v0.4.14
   Compiling block-buffer v0.10.4
   Compiling icu_normalizer_data v2.1.1
   Compiling shlex v1.3.0
   Compiling find-msvc-tools v0.1.5
   Compiling subtle v2.6.1
   Compiling zerocopy v0.8.31
   Compiling cc v1.2.49
   Compiling pkg-config v0.3.32
   Compiling icu_properties_data v2.1.2
   Compiling smallvec v1.15.1
   Compiling vcpkg v0.2.15
   Compiling openssl-sys v0.9.111
   Compiling socket2 v0.6.1
   Compiling mio v1.1.1
   Compiling futures-sink v0.3.31
   Compiling serde v1.0.228
   Compiling getrandom v0.3.4
   Compiling memchr v2.7.6
   Compiling synstructure v0.13.2
   Compiling percent-encoding v2.3.2
   Compiling pin-utils v0.1.0
   Compiling log v0.4.29
   Compiling foreign-types-shared v0.1.1
   Compiling openssl v0.10.75
   Compiling foreign-types v0.3.2
   Compiling tracing-core v0.1.35
   Compiling ahash v0.8.12
   Compiling slab v0.4.11
   Compiling futures-io v0.3.31
   Compiling futures-task v0.3.31
   Compiling utf8_iter v1.0.4
   Compiling zerofrom-derive v0.1.6
   Compiling yoke-derive v0.8.1
   Compiling zerovec-derive v0.11.2
   Compiling displaydoc v0.2.5
   Compiling serde_derive v1.0.228
   Compiling tracing-attributes v0.1.31
   Compiling zerofrom v0.1.6
   Compiling yoke v0.8.1
   Compiling openssl-macros v0.1.1
   Compiling zerovec v0.11.5
   Compiling zerotrie v0.2.3
   Compiling futures-util v0.3.31
   Compiling tinystr v0.8.2
   Compiling icu_locale_core v2.1.1
   Compiling potential_utf v0.1.4
   Compiling icu_collections v2.1.1
   Compiling tracing v0.1.43
   Compiling icu_provider v2.1.1
   Compiling icu_properties v2.1.2
   Compiling parking_lot v0.12.5
   Compiling getrandom v0.2.16
   Compiling crypto-common v0.1.7
   Compiling num-traits v0.2.19
   Compiling ryu v1.0.20
   Compiling crossbeam-utils v0.8.21
   Compiling serde_json v1.0.145
   Compiling rust_decimal v1.39.0
   Compiling libm v0.2.15
   Compiling native-tls v0.2.14
   Compiling digest v0.10.7
   Compiling rand_core v0.6.4
   Compiling tokio-macros v2.6.0
   Compiling ppv-lite86 v0.2.21
   Compiling signal-hook-registry v1.4.7
   Compiling openssl-probe v0.1.6
   Compiling bitflags v2.10.0
   Compiling allocator-api2 v0.2.21
   Compiling paste v1.0.15
   Compiling thiserror v1.0.69
   Compiling cpufeatures v0.2.17
   Compiling minimal-lexical v0.2.1
   Compiling iana-time-zone v0.1.64
   Compiling arrayvec v0.7.6
   Compiling nom v7.1.3
   Compiling hashbrown v0.14.5
   Compiling tokio v1.48.0
   Compiling rand_chacha v0.3.1
   Compiling icu_normalizer v2.1.1
   Compiling thiserror-impl v1.0.69
   Compiling equivalent v1.0.2
   Compiling tinyvec_macros v0.1.1
   Compiling hashbrown v0.16.1
   Compiling crc-catalog v2.4.0
   Compiling unicode_categories v0.1.1
   Compiling indexmap v2.12.1
   Compiling sqlformat v0.2.6
   Compiling crc v3.4.0
   Compiling tinyvec v1.10.0
   Compiling idna_adapter v1.2.1
   Compiling crossbeam-queue v0.3.12
   Compiling hashlink v0.8.4
   Compiling either v1.15.0
   Compiling http v1.4.0
   Compiling event-listener v2.5.3
   Compiling hex v0.4.3
   Compiling byteorder v1.5.0
   Compiling http-body v1.0.1
   Compiling idna v1.1.0
   Compiling unicode-normalization v0.1.25
   Compiling form_urlencoded v1.2.2
   Compiling futures-channel v0.3.31
   Compiling rustix v1.1.2
   Compiling unicode-properties v0.1.4
   Compiling unicode-bidi v0.3.18
   Compiling stringprep v0.1.5
   Compiling url v2.5.7
   Compiling futures-intrusive v0.5.0
   Compiling chrono v0.4.42
   Compiling atoi v2.0.0
   Compiling sha2 v0.10.9
   Compiling hmac v0.12.1
   Compiling dotenvy v0.15.7
   Compiling uuid v1.19.0
   Compiling whoami v1.6.1
   Compiling base64 v0.21.7
   Compiling linux-raw-sys v0.11.0
   Compiling tower-service v0.3.3
   Compiling httparse v1.10.1
   Compiling tokio-stream v0.1.17
   Compiling home v0.5.12
   Compiling syn v1.0.109
   Compiling hkdf v0.12.4
   Compiling sqlx-core v0.7.4
   Compiling rand v0.8.5
   Compiling md-5 v0.10.6
   Compiling fastrand v2.3.0
   Compiling tower-layer v0.3.3
   Compiling rustversion v1.0.22
   Compiling unicode-segmentation v1.12.0
   Compiling tempfile v3.23.0
   Compiling heck v0.4.1
   Compiling sqlx-postgres v0.7.4
   Compiling http-body-util v0.1.3
   Compiling sync_wrapper v1.0.2
   Compiling httpdate v1.0.3
   Compiling atomic-waker v1.1.2
   Compiling hyper v1.8.1
   Compiling sqlx-macros-core v0.7.4
   Compiling async-trait v0.1.89
   Compiling mime v0.3.17
   Compiling sqlx-macros v0.7.4
   Compiling hyper-util v0.1.19
   Compiling tower v0.5.2
   Compiling axum-core v0.4.5
   Compiling serde_urlencoded v0.7.1
   Compiling serde_path_to_error v0.1.20
   Compiling matchit v0.7.3
   Compiling rand_distr v0.4.3
   Compiling tower-http v0.5.2
   Compiling axum v0.7.9
   Compiling rust_decimal_macros v1.39.0
   Compiling sqlx v0.7.4
   Compiling backend v0.1.0 (/app/backend)
error: set `DATABASE_URL` to use query macros online, or run `cargo sqlx prepare` to update the query cache
  --> src/handlers/funds.rs:15:17
   |
15 |       let funds = sqlx::query_as!(
   |  _________________^
16 | |         Fund,
17 | |         "SELECT id, user_id, name, created_at FROM funds ORDER BY created_at DESC"
18 | |     )
   | |_____^
   |
   = note: this error originates in the macro `$crate::sqlx_macros::expand_query` which comes from the expansion of the macro `sqlx::query_as` (in Nightly builds, run with -Z macro-backtrace for more info)

error: set `DATABASE_URL` to use query macros online, or run `cargo sqlx prepare` to update the query cache
  --> src/handlers/funds.rs:29:16
   |
29 |       let fund = sqlx::query_as!(
   |  ________________^
30 | |         Fund,
31 | |         "INSERT INTO funds (user_id, name) VALUES ($1, $2) RETURNING id, user_id, name, created_at",
32 | |         Uuid::nil(), // Placeholder for user_id until Auth is added
33 | |         payload.name
34 | |     )
   | |_____^
   |
   = note: this error originates in the macro `$crate::sqlx_macros::expand_query` which comes from the expansion of the macro `sqlx::query_as` (in Nightly builds, run with -Z macro-backtrace for more info)

error: set `DATABASE_URL` to use query macros online, or run `cargo sqlx prepare` to update the query cache
  --> src/handlers/funds.rs:45:18
   |
45 |     let result = sqlx::query!("DELETE FROM funds WHERE id = $1", id)
   |                  ^^^^^^^^^^^^^^^^^^^^^^^^^^^^^^^^^^^^^^^^^^^^^^^^^^^
   |
   = note: this error originates in the macro `$crate::sqlx_macros::expand_query` which comes from the expansion of the macro `sqlx::query` (in Nightly builds, run with -Z macro-backtrace for more info)

error: set `DATABASE_URL` to use query macros online, or run `cargo sqlx prepare` to update the query cache
  --> src/handlers/funds.rs:64:16
   |
64 |       let fund = sqlx::query_as!(
   |  ________________^
65 | |         Fund,
66 | |         "SELECT id, user_id, name, created_at FROM funds WHERE id = $1",
67 | |         id
68 | |     )
   | |_____^
   |
   = note: this error originates in the macro `$crate::sqlx_macros::expand_query` which comes from the expansion of the macro `sqlx::query_as` (in Nightly builds, run with -Z macro-backtrace for more info)

error: set `DATABASE_URL` to use query macros online, or run `cargo sqlx prepare` to update the query cache
  --> src/handlers/companies.rs:17:21
   |
17 |       let companies = sqlx::query_as!(
   |  _____________________^
18 | |         Company,
19 | |         "SELECT id, fund_id, name, created_at, business_model, industry, technology 
20 | |          FROM companies 
21 | |          ORDER BY created_at DESC"
22 | |     )
   | |_____^
   |
   = note: this error originates in the macro `$crate::sqlx_macros::expand_query` which comes from the expansion of the macro `sqlx::query_as` (in Nightly builds, run with -Z macro-backtrace for more info)

error: set `DATABASE_URL` to use query macros online, or run `cargo sqlx prepare` to update the query cache
  --> src/handlers/companies.rs:35:19
   |
35 |       let company = sqlx::query_as!(
   |  ___________________^
36 | |         Company,
37 | |         "SELECT id, fund_id, name, created_at, business_model, industry, technology 
38 | |          FROM companies 
39 | |          WHERE id = $1",
40 | |         id
41 | |     )
   | |_____^
   |
   = note: this error originates in the macro `$crate::sqlx_macros::expand_query` which comes from the expansion of the macro `sqlx::query_as` (in Nightly builds, run with -Z macro-backtrace for more info)

error: set `DATABASE_URL` to use query macros online, or run `cargo sqlx prepare` to update the query cache
  --> src/handlers/companies.rs:54:19
   |
54 |       let company = sqlx::query_as!(
   |  ___________________^
55 | |         Company,
56 | |         "INSERT INTO companies (fund_id, name, business_model, industry, technology) 
57 | |          VALUES ($1, $2, $3, $4, $5) 
...  |
63 | |         payload.technology
64 | |     )
   | |_____^
   |
   = note: this error originates in the macro `$crate::sqlx_macros::expand_query` which comes from the expansion of the macro `sqlx::query_as` (in Nightly builds, run with -Z macro-backtrace for more info)

error: set `DATABASE_URL` to use query macros online, or run `cargo sqlx prepare` to update the query cache
  --> src/handlers/companies.rs:76:18
   |
76 |     let result = sqlx::query!("DELETE FROM companies WHERE id = $1", id)
   |                  ^^^^^^^^^^^^^^^^^^^^^^^^^^^^^^^^^^^^^^^^^^^^^^^^^^^^^^^
   |
   = note: this error originates in the macro `$crate::sqlx_macros::expand_query` which comes from the expansion of the macro `sqlx::query` (in Nightly builds, run with -Z macro-backtrace for more info)

error: set `DATABASE_URL` to use query macros online, or run `cargo sqlx prepare` to update the query cache
  --> src/handlers/plans.rs:26:16
   |
26 |       let plan = sqlx::query_as!(
   |  ________________^
27 | |         FinancialPlan,
28 | |         "INSERT INTO financial_plans (company_id, name, start_month) VALUES ($1, $2, $3) RETURNING *",
29 | |         payload.company_id,
30 | |         payload.name,
31 | |         chrono::NaiveDate::parse_from_str(&payload.start_month, "%Y-%m-%d").unwrap()
32 | |     )
   | |_____^
   |
   = note: this error originates in the macro `$crate::sqlx_macros::expand_query` which comes from the expansion of the macro `sqlx::query_as` (in Nightly builds, run with -Z macro-backtrace for more info)

error: set `DATABASE_URL` to use query macros online, or run `cargo sqlx prepare` to update the query cache
  --> src/handlers/plans.rs:42:17
   |
42 |       let plans = sqlx::query_as!(
   |  _________________^
43 | |         FinancialPlan,
44 | |         "SELECT * FROM financial_plans ORDER BY created_at DESC"
45 | |     )
   | |_____^
   |
   = note: this error originates in the macro `$crate::sqlx_macros::expand_query` which comes from the expansion of the macro `sqlx::query_as` (in Nightly builds, run with -Z macro-backtrace for more info)

error: set `DATABASE_URL` to use query macros online, or run `cargo sqlx prepare` to update the query cache
  --> src/handlers/plans.rs:56:16
   |
56 |       let plan = sqlx::query_as!(
   |  ________________^
57 | |         FinancialPlan,
58 | |         "SELECT * FROM financial_plans WHERE id = $1",
59 | |         id
60 | |     )
   | |_____^
   |
   = note: this error originates in the macro `$crate::sqlx_macros::expand_query` which comes from the expansion of the macro `sqlx::query_as` (in Nightly builds, run with -Z macro-backtrace for more info)

error: set `DATABASE_URL` to use query macros online, or run `cargo sqlx prepare` to update the query cache
  --> src/handlers/plans.rs:72:18
   |
72 |     let result = sqlx::query!("DELETE FROM financial_plans WHERE id = $1", id)
   |                  ^^^^^^^^^^^^^^^^^^^^^^^^^^^^^^^^^^^^^^^^^^^^^^^^^^^^^^^^^^^^^
   |
   = note: this error originates in the macro `$crate::sqlx_macros::expand_query` which comes from the expansion of the macro `sqlx::query` (in Nightly builds, run with -Z macro-backtrace for more info)

error: set `DATABASE_URL` to use query macros online, or run `cargo sqlx prepare` to update the query cache
   --> src/handlers/plans.rs:100:16
    |
100 |       let plan = sqlx::query_as!(
    |  ________________^
101 | |         FinancialPlan,
102 | |         "SELECT * FROM financial_plans WHERE id = $1",
103 | |         id
104 | |     )
    | |_____^
    |
    = note: this error originates in the macro `$crate::sqlx_macros::expand_query` which comes from the expansion of the macro `sqlx::query_as` (in Nightly builds, run with -Z macro-backtrace for more info)

error: set `DATABASE_URL` to use query macros online, or run `cargo sqlx prepare` to update the query cache
   --> src/handlers/plans.rs:110:25
    |
110 |       let revenue_items = sqlx::query_as!(
    |  _________________________^
111 | |         crate::models::RevenueItem,
112 | |         "SELECT * FROM revenue_items WHERE plan_id = $1 ORDER BY start_month ASC",
113 | |         id
114 | |     )
    | |_____^
    |
    = note: this error originates in the macro `$crate::sqlx_macros::expand_query` which comes from the expansion of the macro `sqlx::query_as` (in Nightly builds, run with -Z macro-backtrace for more info)

error: set `DATABASE_URL` to use query macros online, or run `cargo sqlx prepare` to update the query cache
   --> src/handlers/plans.rs:118:25
    |
118 |       let expense_items = sqlx::query_as!(
    |  _________________________^
119 | |         crate::models::ExpenseItem,
120 | |         "SELECT * FROM expense_items WHERE plan_id = $1 ORDER BY start_month ASC",
121 | |         id
122 | |     )
    | |_____^
    |
    = note: this error originates in the macro `$crate::sqlx_macros::expand_query` which comes from the expansion of the macro `sqlx::query_as` (in Nightly builds, run with -Z macro-backtrace for more info)

error: set `DATABASE_URL` to use query macros online, or run `cargo sqlx prepare` to update the query cache
   --> src/handlers/plans.rs:126:24
    |
126 |       let event_shocks = sqlx::query_as!(
    |  ________________________^
127 | |         crate::models::EventShock,
128 | |         "SELECT * FROM event_shocks WHERE plan_id = $1",
129 | |         id
130 | |     )
    | |_____^
    |
    = note: this error originates in the macro `$crate::sqlx_macros::expand_query` which comes from the expansion of the macro `sqlx::query_as` (in Nightly builds, run with -Z macro-backtrace for more info)

error: set `DATABASE_URL` to use query macros online, or run `cargo sqlx prepare` to update the query cache
   --> src/handlers/plans.rs:134:30
    |
134 |       let capital_injections = sqlx::query_as!(
    |  ______________________________^
135 | |         crate::models::CapitalInjection,
136 | |         "SELECT * FROM capital_injections WHERE plan_id = $1 ORDER BY month ASC",
137 | |         id
138 | |     )
    | |_____^
    |
    = note: this error originates in the macro `$crate::sqlx_macros::expand_query` which comes from the expansion of the macro `sqlx::query_as` (in Nightly builds, run with -Z macro-backtrace for more info)

error: set `DATABASE_URL` to use query macros online, or run `cargo sqlx prepare` to update the query cache
   --> src/handlers/plans.rs:142:27
    |
142 |       let dividend_policy = sqlx::query_as!(
    |  ___________________________^
143 | |         crate::models::DividendPolicy,
144 | |         "SELECT * FROM dividend_policies WHERE plan_id = $1",
145 | |         id
146 | |     )
    | |_____^
    |
    = note: this error originates in the macro `$crate::sqlx_macros::expand_query` which comes from the expansion of the macro `sqlx::query_as` (in Nightly builds, run with -Z macro-backtrace for more info)

error: set `DATABASE_URL` to use query macros online, or run `cargo sqlx prepare` to update the query cache
   --> src/handlers/plans.rs:150:27
    |
150 |       let credit_facility = sqlx::query_as!(
    |  ___________________________^
151 | |         crate::models::CreditFacility,
152 | |         "SELECT * FROM credit_facilities WHERE plan_id = $1",
153 | |         id
154 | |     )
    | |_____^
    |
    = note: this error originates in the macro `$crate::sqlx_macros::expand_query` which comes from the expansion of the macro `sqlx::query_as` (in Nightly builds, run with -Z macro-backtrace for more info)

error: set `DATABASE_URL` to use query macros online, or run `cargo sqlx prepare` to update the query cache
   --> src/handlers/plans.rs:158:33
    |
158 |       let valuation_assumptions = sqlx::query_as!(
    |  _________________________________^
159 | |         crate::models::ValuationAssumption,
160 | |         "SELECT * FROM valuation_assumptions WHERE plan_id = $1 ORDER BY date_applied DESC LIMIT 1",
161 | |         id
162 | |     )
    | |_____^
    |
    = note: this error originates in the macro `$crate::sqlx_macros::expand_query` which comes from the expansion of the macro `sqlx::query_as` (in Nightly builds, run with -Z macro-backtrace for more info)

error: set `DATABASE_URL` to use query macros online, or run `cargo sqlx prepare` to update the query cache
   --> src/handlers/plans.rs:167:26
    |
167 |       let capital_growth = sqlx::query_as!(
    |  __________________________^
168 | |         crate::models::CapitalGrowthPolicy,
169 | |         "SELECT * FROM capital_growth_policies WHERE plan_id = $1",
170 | |         id
171 | |     )
    | |_____^
    |
    = note: this error originates in the macro `$crate::sqlx_macros::expand_query` which comes from the expansion of the macro `sqlx::query_as` (in Nightly builds, run with -Z macro-backtrace for more info)

error: set `DATABASE_URL` to use query macros online, or run `cargo sqlx prepare` to update the query cache
  --> src/handlers/revenue.rs:39:16
   |
39 |       let item = sqlx::query_as!(
   |  ________________^
40 | |         RevenueItem,
41 | |         r#"
42 | |         INSERT INTO revenue_items (
...  |
52 | |         payload.vol_mean, payload.vol_scale, payload.vol_freedom, payload.vol_alpha, payload.vol_beta
53 | |     )
   | |_____^
   |
   = note: this error originates in the macro `$crate::sqlx_macros::expand_query` which comes from the expansion of the macro `sqlx::query_as` (in Nightly builds, run with -Z macro-backtrace for more info)

error: set `DATABASE_URL` to use query macros online, or run `cargo sqlx prepare` to update the query cache
  --> src/handlers/revenue.rs:64:17
   |
64 |       let items = sqlx::query_as!(
   |  _________________^
65 | |         RevenueItem,
66 | |         "SELECT * FROM revenue_items WHERE plan_id = $1 ORDER BY start_month ASC",
67 | |         plan_id
68 | |     )
   | |_____^
   |
   = note: this error originates in the macro `$crate::sqlx_macros::expand_query` which comes from the expansion of the macro `sqlx::query_as` (in Nightly builds, run with -Z macro-backtrace for more info)

error: set `DATABASE_URL` to use query macros online, or run `cargo sqlx prepare` to update the query cache
  --> src/handlers/revenue.rs:81:16
   |
81 |       let item = sqlx::query_as!(
   |  ________________^
82 | |         RevenueItem,
83 | |         r#"
84 | |         UPDATE revenue_items SET
...  |
96 | |         id
97 | |     )
   | |_____^
   |
   = note: this error originates in the macro `$crate::sqlx_macros::expand_query` which comes from the expansion of the macro `sqlx::query_as` (in Nightly builds, run with -Z macro-backtrace for more info)

error: set `DATABASE_URL` to use query macros online, or run `cargo sqlx prepare` to update the query cache
   --> src/handlers/revenue.rs:108:18
    |
108 |     let result = sqlx::query!("DELETE FROM revenue_items WHERE id = $1", id)
    |                  ^^^^^^^^^^^^^^^^^^^^^^^^^^^^^^^^^^^^^^^^^^^^^^^^^^^^^^^^^^^
    |
    = note: this error originates in the macro `$crate::sqlx_macros::expand_query` which comes from the expansion of the macro `sqlx::query` (in Nightly builds, run with -Z macro-backtrace for more info)

error: set `DATABASE_URL` to use query macros online, or run `cargo sqlx prepare` to update the query cache
  --> src/handlers/expenses.rs:39:16
   |
39 |       let item = sqlx::query_as!(
   |  ________________^
40 | |         ExpenseItem,
41 | |         r#"
42 | |         INSERT INTO expense_items (
...  |
52 | |         payload.vol_mean, payload.vol_scale, payload.vol_freedom, payload.vol_alpha, payload.vol_beta
53 | |     )
   | |_____^
   |
   = note: this error originates in the macro `$crate::sqlx_macros::expand_query` which comes from the expansion of the macro `sqlx::query_as` (in Nightly builds, run with -Z macro-backtrace for more info)

error: set `DATABASE_URL` to use query macros online, or run `cargo sqlx prepare` to update the query cache
  --> src/handlers/expenses.rs:64:17
   |
64 |       let items = sqlx::query_as!(
   |  _________________^
65 | |         ExpenseItem,
66 | |         "SELECT * FROM expense_items WHERE plan_id = $1 ORDER BY start_month ASC",
67 | |         plan_id
68 | |     )
   | |_____^
   |
   = note: this error originates in the macro `$crate::sqlx_macros::expand_query` which comes from the expansion of the macro `sqlx::query_as` (in Nightly builds, run with -Z macro-backtrace for more info)

error: set `DATABASE_URL` to use query macros online, or run `cargo sqlx prepare` to update the query cache
  --> src/handlers/expenses.rs:81:16
   |
81 |       let item = sqlx::query_as!(
   |  ________________^
82 | |         ExpenseItem,
83 | |         r#"
84 | |         UPDATE expense_items SET
...  |
96 | |         id
97 | |     )
   | |_____^
   |
   = note: this error originates in the macro `$crate::sqlx_macros::expand_query` which comes from the expansion of the macro `sqlx::query_as` (in Nightly builds, run with -Z macro-backtrace for more info)

error: set `DATABASE_URL` to use query macros online, or run `cargo sqlx prepare` to update the query cache
   --> src/handlers/expenses.rs:108:18
    |
108 |     let result = sqlx::query!("DELETE FROM expense_items WHERE id = $1", id)
    |                  ^^^^^^^^^^^^^^^^^^^^^^^^^^^^^^^^^^^^^^^^^^^^^^^^^^^^^^^^^^^
    |
    = note: this error originates in the macro `$crate::sqlx_macros::expand_query` which comes from the expansion of the macro `sqlx::query` (in Nightly builds, run with -Z macro-backtrace for more info)

error: set `DATABASE_URL` to use query macros online, or run `cargo sqlx prepare` to update the query cache
  --> src/handlers/capital.rs:25:16
   |
25 |       let item = sqlx::query_as!(
   |  ________________^
26 | |         CapitalInjection,
27 | |         "INSERT INTO capital_injections (plan_id, name, amount, month) VALUES ($1, $2, $3, $4) RETURNING *",
28 | |         payload.plan_id,
...  |
31 | |         payload.month
32 | |     )
   | |_____^
   |
   = note: this error originates in the macro `$crate::sqlx_macros::expand_query` which comes from the expansion of the macro `sqlx::query_as` (in Nightly builds, run with -Z macro-backtrace for more info)

error: set `DATABASE_URL` to use query macros online, or run `cargo sqlx prepare` to update the query cache
  --> src/handlers/capital.rs:43:17
   |
43 |       let items = sqlx::query_as!(
   |  _________________^
44 | |         CapitalInjection,
45 | |         "SELECT * FROM capital_injections WHERE plan_id = $1 ORDER BY month ASC",
46 | |         plan_id
47 | |     )
   | |_____^
   |
   = note: this error originates in the macro `$crate::sqlx_macros::expand_query` which comes from the expansion of the macro `sqlx::query_as` (in Nightly builds, run with -Z macro-backtrace for more info)

error: set `DATABASE_URL` to use query macros online, or run `cargo sqlx prepare` to update the query cache
  --> src/handlers/capital.rs:58:18
   |
58 |     let result = sqlx::query!("DELETE FROM capital_injections WHERE id = $1", id)
   |                  ^^^^^^^^^^^^^^^^^^^^^^^^^^^^^^^^^^^^^^^^^^^^^^^^^^^^^^^^^^^^^^^^
   |
   = note: this error originates in the macro `$crate::sqlx_macros::expand_query` which comes from the expansion of the macro `sqlx::query` (in Nightly builds, run with -Z macro-backtrace for more info)

error: set `DATABASE_URL` to use query macros online, or run `cargo sqlx prepare` to update the query cache
  --> src/handlers/dividends.rs:26:5
   |
26 |     sqlx::query!("DELETE FROM dividend_policies WHERE plan_id = $1", payload.plan_id)
   |     ^^^^^^^^^^^^^^^^^^^^^^^^^^^^^^^^^^^^^^^^^^^^^^^^^^^^^^^^^^^^^^^^^^^^^^^^^^^^^^^^^
   |
   = note: this error originates in the macro `$crate::sqlx_macros::expand_query` which comes from the expansion of the macro `sqlx::query` (in Nightly builds, run with -Z macro-backtrace for more info)

error: set `DATABASE_URL` to use query macros online, or run `cargo sqlx prepare` to update the query cache
  --> src/handlers/dividends.rs:30:18
   |
30 |       let policy = sqlx::query_as!(
   |  __________________^
31 | |         DividendPolicy,
32 | |         "INSERT INTO dividend_policies (plan_id, is_enabled, safety_threshold, payout_ratio) VALUES ($1, $2, $3, $4) RETURNING *",
33 | |         payload.plan_id,
...  |
36 | |         payload.payout_ratio
37 | |     )
   | |_____^
   |
   = note: this error originates in the macro `$crate::sqlx_macros::expand_query` which comes from the expansion of the macro `sqlx::query_as` (in Nightly builds, run with -Z macro-backtrace for more info)

error: set `DATABASE_URL` to use query macros online, or run `cargo sqlx prepare` to update the query cache
  --> src/handlers/dividends.rs:50:18
   |
50 |       let policy = sqlx::query_as!(
   |  __________________^
51 | |         DividendPolicy,
52 | |         "SELECT * FROM dividend_policies WHERE plan_id = $1",
53 | |         plan_id
54 | |     )
   | |_____^
   |
   = note: this error originates in the macro `$crate::sqlx_macros::expand_query` which comes from the expansion of the macro `sqlx::query_as` (in Nightly builds, run with -Z macro-backtrace for more info)

error: set `DATABASE_URL` to use query macros online, or run `cargo sqlx prepare` to update the query cache
  --> src/handlers/credit.rs:26:5
   |
26 |     sqlx::query!("DELETE FROM credit_facilities WHERE plan_id = $1", payload.plan_id)
   |     ^^^^^^^^^^^^^^^^^^^^^^^^^^^^^^^^^^^^^^^^^^^^^^^^^^^^^^^^^^^^^^^^^^^^^^^^^^^^^^^^^
   |
   = note: this error originates in the macro `$crate::sqlx_macros::expand_query` which comes from the expansion of the macro `sqlx::query` (in Nightly builds, run with -Z macro-backtrace for more info)

error: set `DATABASE_URL` to use query macros online, or run `cargo sqlx prepare` to update the query cache
  --> src/handlers/credit.rs:30:20
   |
30 |       let facility = sqlx::query_as!(
   |  ____________________^
31 | |         CreditFacility,
32 | |         "INSERT INTO credit_facilities (plan_id, facility_limit, interest_rate, is_annual_rate) VALUES ($1, $2, $3, $4) RETURNING *",
33 | |         payload.plan_id,
...  |
36 | |         payload.is_annual_rate
37 | |     )
   | |_____^
   |
   = note: this error originates in the macro `$crate::sqlx_macros::expand_query` which comes from the expansion of the macro `sqlx::query_as` (in Nightly builds, run with -Z macro-backtrace for more info)

error: set `DATABASE_URL` to use query macros online, or run `cargo sqlx prepare` to update the query cache
  --> src/handlers/credit.rs:50:20
   |
50 |       let facility = sqlx::query_as!(
   |  ____________________^
51 | |         CreditFacility,
52 | |         "SELECT * FROM credit_facilities WHERE plan_id = $1",
53 | |         plan_id
54 | |     )
   | |_____^
   |
   = note: this error originates in the macro `$crate::sqlx_macros::expand_query` which comes from the expansion of the macro `sqlx::query_as` (in Nightly builds, run with -Z macro-backtrace for more info)

error: set `DATABASE_URL` to use query macros online, or run `cargo sqlx prepare` to update the query cache
  --> src/handlers/valuation.rs:26:5
   |
26 |     sqlx::query!("DELETE FROM valuation_assumptions WHERE plan_id = $1", payload.plan_id)
   |     ^^^^^^^^^^^^^^^^^^^^^^^^^^^^^^^^^^^^^^^^^^^^^^^^^^^^^^^^^^^^^^^^^^^^^^^^^^^^^^^^^^^^^
   |
   = note: this error originates in the macro `$crate::sqlx_macros::expand_query` which comes from the expansion of the macro `sqlx::query` (in Nightly builds, run with -Z macro-backtrace for more info)

error: set `DATABASE_URL` to use query macros online, or run `cargo sqlx prepare` to update the query cache
  --> src/handlers/valuation.rs:30:26
   |
30 |       let new_assumption = sqlx::query_as!(
   |  __________________________^
31 | |         ValuationAssumption,
32 | |         "INSERT INTO valuation_assumptions (plan_id, name, method, multiplier, date_applied) VALUES ($1, $2, $3, $4, $5) RETURNING id, pl...
33 | |         payload.plan_id,
...  |
37 | |         payload.date_applied
38 | |     )
   | |_____^
   |
   = note: this error originates in the macro `$crate::sqlx_macros::expand_query` which comes from the expansion of the macro `sqlx::query_as` (in Nightly builds, run with -Z macro-backtrace for more info)

error: set `DATABASE_URL` to use query macros online, or run `cargo sqlx prepare` to update the query cache
  --> src/handlers/events.rs:27:21
   |
27 |       let new_shock = sqlx::query_as!(
   |  _____________________^
28 | |         EventShock,
29 | |         "INSERT INTO event_shocks (plan_id, name, shock_month, impact_type, impact_value, duration_months) VALUES ($1, $2, $3, $4, $5, $6...
30 | |         payload.plan_id,
...  |
35 | |         payload.duration_months
36 | |     )
   | |_____^
   |
   = note: this error originates in the macro `$crate::sqlx_macros::expand_query` which comes from the expansion of the macro `sqlx::query_as` (in Nightly builds, run with -Z macro-backtrace for more info)

error: set `DATABASE_URL` to use query macros online, or run `cargo sqlx prepare` to update the query cache
  --> src/handlers/events.rs:47:17
   |
47 |       let shock = sqlx::query_as!(
   |  _________________^
48 | |         EventShock,
49 | |         "SELECT id, plan_id, name, shock_month, impact_type, impact_value, duration_months FROM event_shocks WHERE id = $1",
50 | |         id
51 | |     )
   | |_____^
   |
   = note: this error originates in the macro `$crate::sqlx_macros::expand_query` which comes from the expansion of the macro `sqlx::query_as` (in Nightly builds, run with -Z macro-backtrace for more info)

error: set `DATABASE_URL` to use query macros online, or run `cargo sqlx prepare` to update the query cache
  --> src/handlers/events.rs:63:18
   |
63 |       let shocks = sqlx::query_as!(
   |  __________________^
64 | |         EventShock,
65 | |         "SELECT id, plan_id, name, shock_month, impact_type, impact_value, duration_months FROM event_shocks WHERE plan_id = $1",
66 | |         plan_id
67 | |     )
   | |_____^
   |
   = note: this error originates in the macro `$crate::sqlx_macros::expand_query` which comes from the expansion of the macro `sqlx::query_as` (in Nightly builds, run with -Z macro-backtrace for more info)

error: set `DATABASE_URL` to use query macros online, or run `cargo sqlx prepare` to update the query cache
  --> src/handlers/events.rs:78:18
   |
78 |     let result = sqlx::query!("DELETE FROM event_shocks WHERE id = $1", id)
   |                  ^^^^^^^^^^^^^^^^^^^^^^^^^^^^^^^^^^^^^^^^^^^^^^^^^^^^^^^^^^
   |
   = note: this error originates in the macro `$crate::sqlx_macros::expand_query` which comes from the expansion of the macro `sqlx::query` (in Nightly builds, run with -Z macro-backtrace for more info)

error: set `DATABASE_URL` to use query macros online, or run `cargo sqlx prepare` to update the query cache
  --> src/handlers/capital_growth.rs:33:5
   |
33 |     sqlx::query!("DELETE FROM capital_growth_policies WHERE plan_id = $1", payload.plan_id)
   |     ^^^^^^^^^^^^^^^^^^^^^^^^^^^^^^^^^^^^^^^^^^^^^^^^^^^^^^^^^^^^^^^^^^^^^^^^^^^^^^^^^^^^^^^
   |
   = note: this error originates in the macro `$crate::sqlx_macros::expand_query` which comes from the expansion of the macro `sqlx::query` (in Nightly builds, run with -Z macro-backtrace for more info)

error: set `DATABASE_URL` to use query macros online, or run `cargo sqlx prepare` to update the query cache
  --> src/handlers/capital_growth.rs:38:18
   |
38 |       let policy = sqlx::query_as!(
   |  __________________^
39 | |         CapitalGrowthPolicy,
40 | |         r#"
41 | |         INSERT INTO capital_growth_policies (
...  |
57 | |         payload.vol_beta
58 | |     )
   | |_____^
   |
   = note: this error originates in the macro `$crate::sqlx_macros::expand_query` which comes from the expansion of the macro `sqlx::query_as` (in Nightly builds, run with -Z macro-backtrace for more info)

error: set `DATABASE_URL` to use query macros online, or run `cargo sqlx prepare` to update the query cache
  --> src/handlers/capital_growth.rs:71:18
   |
71 |       let policy = sqlx::query_as!(
   |  __________________^
72 | |         CapitalGrowthPolicy,
73 | |         "SELECT * FROM capital_growth_policies WHERE plan_id = $1",
74 | |         plan_id
75 | |     )
   | |_____^
   |
   = note: this error originates in the macro `$crate::sqlx_macros::expand_query` which comes from the expansion of the macro `sqlx::query_as` (in Nightly builds, run with -Z macro-backtrace for more info)

error[E0277]: the size for values of type `[RevenueItem]` cannot be known at compilation time
   --> src/handlers/plans.rs:110:9
    |
110 |     let revenue_items = sqlx::query_as!(
    |         ^^^^^^^^^^^^^ doesn't have a size known at compile-time
    |
    = help: the trait `Sized` is not implemented for `[RevenueItem]`
    = note: all local variables must have a statically known size

error[E0277]: the size for values of type `[RevenueItem]` cannot be known at compilation time
   --> src/handlers/plans.rs:110:25
    |
110 |       let revenue_items = sqlx::query_as!(
    |  _________________________^
111 | |         crate::models::RevenueItem,
112 | |         "SELECT * FROM revenue_items WHERE plan_id = $1 ORDER BY start_month ASC",
113 | |         id
114 | |     )
115 | |     .fetch_all(&pool)
116 | |     .await?;
    | |___________^ doesn't have a size known at compile-time
    |
    = help: the trait `Sized` is not implemented for `[RevenueItem]`
    = note: all local variables must have a statically known size

error[E0277]: the size for values of type `[RevenueItem]` cannot be known at compilation time
   --> src/handlers/plans.rs:116:11
    |
116 |     .await?;
    |           ^ doesn't have a size known at compile-time
    |
    = help: the trait `Sized` is not implemented for `[RevenueItem]`
note: required by a bound in `Break`
   --> /rustc/f8297e351a40c1439a467bbbb6879088047f50b3/library/core/src/ops/control_flow.rs:96:5

error[E0277]: the size for values of type `[RevenueItem]` cannot be known at compilation time
   --> src/handlers/plans.rs:110:25
    |
110 |       let revenue_items = sqlx::query_as!(
    |  _________________________^
111 | |         crate::models::RevenueItem,
112 | |         "SELECT * FROM revenue_items WHERE plan_id = $1 ORDER BY start_month ASC",
113 | |         id
114 | |     )
115 | |     .fetch_all(&pool)
116 | |     .await?;
    | |___________^ doesn't have a size known at compile-time
    |
    = help: the trait `Sized` is not implemented for `[RevenueItem]`
note: required by a bound in `Continue`
   --> /rustc/f8297e351a40c1439a467bbbb6879088047f50b3/library/core/src/ops/control_flow.rs:92:5

error[E0277]: the size for values of type `[ExpenseItem]` cannot be known at compilation time
   --> src/handlers/plans.rs:118:9
    |
118 |     let expense_items = sqlx::query_as!(
    |         ^^^^^^^^^^^^^ doesn't have a size known at compile-time
    |
    = help: the trait `Sized` is not implemented for `[ExpenseItem]`
    = note: all local variables must have a statically known size

error[E0277]: the size for values of type `[ExpenseItem]` cannot be known at compilation time
   --> src/handlers/plans.rs:118:25
    |
118 |       let expense_items = sqlx::query_as!(
    |  _________________________^
119 | |         crate::models::ExpenseItem,
120 | |         "SELECT * FROM expense_items WHERE plan_id = $1 ORDER BY start_month ASC",
121 | |         id
122 | |     )
123 | |     .fetch_all(&pool)
124 | |     .await?;
    | |___________^ doesn't have a size known at compile-time
    |
    = help: the trait `Sized` is not implemented for `[ExpenseItem]`
    = note: all local variables must have a statically known size

error[E0277]: the size for values of type `[ExpenseItem]` cannot be known at compilation time
   --> src/handlers/plans.rs:124:11
    |
124 |     .await?;
    |           ^ doesn't have a size known at compile-time
    |
    = help: the trait `Sized` is not implemented for `[ExpenseItem]`
note: required by a bound in `Break`
   --> /rustc/f8297e351a40c1439a467bbbb6879088047f50b3/library/core/src/ops/control_flow.rs:96:5

error[E0277]: the size for values of type `[ExpenseItem]` cannot be known at compilation time
   --> src/handlers/plans.rs:118:25
    |
118 |       let expense_items = sqlx::query_as!(
    |  _________________________^
119 | |         crate::models::ExpenseItem,
120 | |         "SELECT * FROM expense_items WHERE plan_id = $1 ORDER BY start_month ASC",
121 | |         id
122 | |     )
123 | |     .fetch_all(&pool)
124 | |     .await?;
    | |___________^ doesn't have a size known at compile-time
    |
    = help: the trait `Sized` is not implemented for `[ExpenseItem]`
note: required by a bound in `Continue`
   --> /rustc/f8297e351a40c1439a467bbbb6879088047f50b3/library/core/src/ops/control_flow.rs:92:5

error[E0277]: the size for values of type `[EventShock]` cannot be known at compilation time
   --> src/handlers/plans.rs:126:9
    |
126 |     let event_shocks = sqlx::query_as!(
    |         ^^^^^^^^^^^^ doesn't have a size known at compile-time
    |
    = help: the trait `Sized` is not implemented for `[EventShock]`
    = note: all local variables must have a statically known size

error[E0277]: the size for values of type `[EventShock]` cannot be known at compilation time
   --> src/handlers/plans.rs:126:24
    |
126 |       let event_shocks = sqlx::query_as!(
    |  ________________________^
127 | |         crate::models::EventShock,
128 | |         "SELECT * FROM event_shocks WHERE plan_id = $1",
129 | |         id
130 | |     )
131 | |     .fetch_all(&pool)
132 | |     .await?;
    | |___________^ doesn't have a size known at compile-time
    |
    = help: the trait `Sized` is not implemented for `[EventShock]`
    = note: all local variables must have a statically known size

error[E0277]: the size for values of type `[EventShock]` cannot be known at compilation time
   --> src/handlers/plans.rs:132:11
    |
132 |     .await?;
    |           ^ doesn't have a size known at compile-time
    |
    = help: the trait `Sized` is not implemented for `[EventShock]`
note: required by a bound in `Break`
   --> /rustc/f8297e351a40c1439a467bbbb6879088047f50b3/library/core/src/ops/control_flow.rs:96:5

error[E0277]: the size for values of type `[EventShock]` cannot be known at compilation time
   --> src/handlers/plans.rs:126:24
    |
126 |       let event_shocks = sqlx::query_as!(
    |  ________________________^
127 | |         crate::models::EventShock,
128 | |         "SELECT * FROM event_shocks WHERE plan_id = $1",
129 | |         id
130 | |     )
131 | |     .fetch_all(&pool)
132 | |     .await?;
    | |___________^ doesn't have a size known at compile-time
    |
    = help: the trait `Sized` is not implemented for `[EventShock]`
note: required by a bound in `Continue`
   --> /rustc/f8297e351a40c1439a467bbbb6879088047f50b3/library/core/src/ops/control_flow.rs:92:5

error[E0277]: the size for values of type `[CapitalInjection]` cannot be known at compilation time
   --> src/handlers/plans.rs:134:9
    |
134 |     let capital_injections = sqlx::query_as!(
    |         ^^^^^^^^^^^^^^^^^^ doesn't have a size known at compile-time
    |
    = help: the trait `Sized` is not implemented for `[CapitalInjection]`
    = note: all local variables must have a statically known size

error[E0277]: the size for values of type `[CapitalInjection]` cannot be known at compilation time
   --> src/handlers/plans.rs:134:30
    |
134 |       let capital_injections = sqlx::query_as!(
    |  ______________________________^
135 | |         crate::models::CapitalInjection,
136 | |         "SELECT * FROM capital_injections WHERE plan_id = $1 ORDER BY month ASC",
137 | |         id
138 | |     )
139 | |     .fetch_all(&pool)
140 | |     .await?;
    | |___________^ doesn't have a size known at compile-time
    |
    = help: the trait `Sized` is not implemented for `[CapitalInjection]`
    = note: all local variables must have a statically known size

error[E0277]: the size for values of type `[CapitalInjection]` cannot be known at compilation time
   --> src/handlers/plans.rs:140:11
    |
140 |     .await?;
    |           ^ doesn't have a size known at compile-time
    |
    = help: the trait `Sized` is not implemented for `[CapitalInjection]`
note: required by a bound in `Break`
   --> /rustc/f8297e351a40c1439a467bbbb6879088047f50b3/library/core/src/ops/control_flow.rs:96:5

error[E0277]: the size for values of type `[CapitalInjection]` cannot be known at compilation time
   --> src/handlers/plans.rs:134:30
    |
134 |       let capital_injections = sqlx::query_as!(
    |  ______________________________^
135 | |         crate::models::CapitalInjection,
136 | |         "SELECT * FROM capital_injections WHERE plan_id = $1 ORDER BY month ASC",
137 | |         id
138 | |     )
139 | |     .fetch_all(&pool)
140 | |     .await?;
    | |___________^ doesn't have a size known at compile-time
    |
    = help: the trait `Sized` is not implemented for `[CapitalInjection]`
note: required by a bound in `Continue`
   --> /rustc/f8297e351a40c1439a467bbbb6879088047f50b3/library/core/src/ops/control_flow.rs:92:5

error[E0277]: the size for values of type `[ValuationAssumption]` cannot be known at compilation time
   --> src/handlers/plans.rs:158:9
    |
158 |     let valuation_assumptions = sqlx::query_as!(
    |         ^^^^^^^^^^^^^^^^^^^^^ doesn't have a size known at compile-time
    |
    = help: the trait `Sized` is not implemented for `[ValuationAssumption]`
    = note: all local variables must have a statically known size

error[E0277]: the size for values of type `[ValuationAssumption]` cannot be known at compilation time
   --> src/handlers/plans.rs:158:33
    |
158 |       let valuation_assumptions = sqlx::query_as!(
    |  _________________________________^
159 | |         crate::models::ValuationAssumption,
160 | |         "SELECT * FROM valuation_assumptions WHERE plan_id = $1 ORDER BY date_applied DESC LIMIT 1",
161 | |         id
162 | |     )
163 | |     .fetch_all(&pool)
164 | |     .await?;
    | |___________^ doesn't have a size known at compile-time
    |
    = help: the trait `Sized` is not implemented for `[ValuationAssumption]`
    = note: all local variables must have a statically known size

error[E0277]: the size for values of type `[ValuationAssumption]` cannot be known at compilation time
   --> src/handlers/plans.rs:164:11
    |
164 |     .await?;
    |           ^ doesn't have a size known at compile-time
    |
    = help: the trait `Sized` is not implemented for `[ValuationAssumption]`
note: required by a bound in `Break`
   --> /rustc/f8297e351a40c1439a467bbbb6879088047f50b3/library/core/src/ops/control_flow.rs:96:5

error[E0277]: the size for values of type `[ValuationAssumption]` cannot be known at compilation time
   --> src/handlers/plans.rs:158:33
    |
158 |       let valuation_assumptions = sqlx::query_as!(
    |  _________________________________^
159 | |         crate::models::ValuationAssumption,
160 | |         "SELECT * FROM valuation_assumptions WHERE plan_id = $1 ORDER BY date_applied DESC LIMIT 1",
161 | |         id
162 | |     )
163 | |     .fetch_all(&pool)
164 | |     .await?;
    | |___________^ doesn't have a size known at compile-time
    |
    = help: the trait `Sized` is not implemented for `[ValuationAssumption]`
note: required by a bound in `Continue`
   --> /rustc/f8297e351a40c1439a467bbbb6879088047f50b3/library/core/src/ops/control_flow.rs:92:5

For more information about this error, try `rustc --explain E0277`.
error: could not compile `backend` (bin "backend") due to 67 previous errors
